
> appraisal-management-backend@1.0.0 test C:\source\appraisal-management-backend
> jest

node.exe : ts-jest[ts-jest-transformer] (WARN) Define `ts-jest` 
config under `globals` is deprecated. Please do
At C:\Program Files\nodejs\pnpm.ps1:16 char:5
+     & "$basedir/node$exe"  
"$basedir/node_modules/pnpm/bin/pnpm.cjs"  ...
+     
~~~~~~~~~~~~~~~~~~~~~~~~~~~~~~~~~~~~~~~~~~~~~~~~~~~~~~~~~~~~~~~~~
    + CategoryInfo          : NotSpecified: (ts-jest[ts-jest...ated 
   . Please do:String) [], RemoteException
    + FullyQualifiedErrorId : NativeCommandError
 
transform: {
    <transform_regex>: ['ts-jest', { /* ts-jest config goes here in 
Jest */ }],
},
See more at https://kulshekhar.github.io/ts-jest/docs/getting-starte
d/presets#advanced
  console.warn
    2026-03-16T22:33:52.019Z WARN [CollaborationController] Fluid Relay Key Vault unreachable ΓÇö collaboration unavailable {"err":{},"userId":"user-1"}

    [0m [90m 22 |[39m
     [90m 23 |[39m   warn(message[33m:[39m string[33m,[39m meta[33m?[39m[33m:[39m [33mRecord[39m[33m<[39m[33mstring[39m[33m,[39m any[33m>[39m)[33m:[39m [36mvoid[39m {
    [31m[1m>[22m[39m[90m 24 |[39m     console[33m.[39mwarn([36mthis[39m[33m.[39mformatMessage([32m'WARN'[39m[33m,[39m message[33m,[39m meta))[33m;[39m
     [90m    |[39m             [31m[1m^[22m[39m
     [90m 25 |[39m   }
     [90m 26 |[39m
     [90m 27 |[39m   debug(message[33m:[39m string[33m,[39m meta[33m?[39m[33m:[39m [33mRecord[39m[33m<[39m[33mstring[39m[33m,[39m any[33m>[39m)[33m:[39m [36mvoid[39m {[0m

      at Logger.warn (src/utils/logger.ts:24:13)
      at src/controllers/collaboration.controller.ts:262:18

FAIL src/tests/collaboration.controller.test.ts (5.095 s)
  GET /api/collaboration/fluid-token
    ΓêÜ returns 401 when no authenticated user (69 ms)
    ΓêÜ returns 503 when service is not configured (18 ms)
    ΓêÜ returns 200 with token on happy path (13 ms)
    ΓêÜ passes correct userId and userName to generateToken (20 ms)
    ΓêÜ works without containerId (undefined ΓåÆ new container) (17 
ms)
    ΓêÜ uses tenantId query param when provided (22 ms)
    ├ù returns 500 when generateToken throws (50 ms)
    ΓêÜ returns 403 when employee canAccess returns denied (15 ms)
    ΓêÜ returns 403 when the record is not found in Cosmos (26 ms)
    ΓêÜ returns 200 when vendor matches assignedVendorId on the 
record (19 ms)
    ΓêÜ returns 403 when external user has no matching ID on the 
record (10 ms)
    ΓêÜ returns 200 for queue container when user has an internal 
UserProfile (13 ms)
    ΓêÜ returns 403 for queue container when user has no 
UserProfile (external) (14 ms)

  ΓùÅ GET /api/collaboration/fluid-token ΓÇ║ returns 500 when 
generateToken throws

    expect(received).toBe(expected) // Object.is equality

    Expected: 500
    Received: 503

    [0m [90m 216 |[39m       [33m.[39mquery({ 
containerId[33m:[39m [32m'order-1'[39m })[33m;[39m
     [90m 217 |[39m
    [31m[1m>[22m[39m[90m 218 |[39m     expect(res[33m.[39mst
atus)[33m.[39mtoBe([35m500[39m)[33m;[39m
     [90m     |[39m                        [31m[1m^[22m[39m
     [90m 219 |[39m     expect(res[33m.[39mbody[33m.[39merror
[33m.[39mcode)[33m.[39mtoBe([32m'TOKEN_GENERATION_FAILED'[39m)
[33m;[39m
     [90m 220 |[39m   })[33m;[39m
     [90m 221 |[39m[0m

      at Object.<anonymous> 
(src/tests/collaboration.controller.test.ts:218:24)

  console.error
    2026-03-16T22:33:52.325Z ERROR [DynamicCodeExecutionService] Code execution failed {"error":"Unexpected identifier 'syntax'","executionTime":1,"codePreview":"return invalid syntax here;"}

    [0m [90m 18 |[39m
     [90m 19 |[39m   error(message[33m:[39m string[33m,[39m meta[33m?[39m[33m:[39m [33mRecord[39m[33m<[39m[33mstring[39m[33m,[39m any[33m>[39m)[33m:[39m [36mvoid[39m {
    [31m[1m>[22m[39m[90m 20 |[39m     console[33m.[39merror([36mthis[39m[33m.[39mformatMessage([32m'ERROR'[39m[33m,[39m message[33m,[39m meta))[33m;[39m
     [90m    |[39m             [31m[1m^[22m[39m
     [90m 21 |[39m   }
     [90m 22 |[39m
     [90m 23 |[39m   warn(message[33m:[39m string[33m,[39m meta[33m?[39m[33m:[39m [33mRecord[39m[33m<[39m[33mstring[39m[33m,[39m any[33m>[39m)[33m:[39m [36mvoid[39m {[0m

      at Logger.error (src/utils/logger.ts:20:13)
      at DynamicCodeExecutionService.executeCode (src/services/dynamic-code-execution.service.ts:104:19)
      at Object.<anonymous> (src/tests/dynamic-code-execution.service.test.ts:187:22)

  console.error
    2026-03-16T22:33:52.331Z ERROR [DynamicCodeExecutionService] Code execution failed {"error":"Execution error: nonExistentVariable is not defined","executionTime":2,"codePreview":"return nonExistentVariable.property;"}

    [0m [90m 18 |[39m
     [90m 19 |[39m   error(message[33m:[39m string[33m,[39m meta[33m?[39m[33m:[39m [33mRecord[39m[33m<[39m[33mstring[39m[33m,[39m any[33m>[39m)[33m:[39m [36mvoid[39m {
    [31m[1m>[22m[39m[90m 20 |[39m     console[33m.[39merror([36mthis[39m[33m.[39mformatMessage([32m'ERROR'[39m[33m,[39m message[33m,[39m meta))[33m;[39m
     [90m    |[39m             [31m[1m^[22m[39m
     [90m 21 |[39m   }
     [90m 22 |[39m
     [90m 23 |[39m   warn(message[33m:[39m string[33m,[39m meta[33m?[39m[33m:[39m [33mRecord[39m[33m<[39m[33mstring[39m[33m,[39m any[33m>[39m)[33m:[39m [36mvoid[39m {[0m

      at Logger.error (src/utils/logger.ts:20:13)
      at DynamicCodeExecutionService.executeCode (src/services/dynamic-code-execution.service.ts:104:19)
      at Object.<anonymous> (src/tests/dynamic-code-execution.service.test.ts:197:22)

  console.error
    2026-03-16T22:33:52.335Z ERROR [DynamicCodeExecutionService] Code execution failed {"error":"Execution error: Cannot read properties of null (reading 'someMethod')","executionTime":1,"codePreview":"return null.someMethod();"}

    [0m [90m 18 |[39m
     [90m 19 |[39m   error(message[33m:[39m string[33m,[39m meta[33m?[39m[33m:[39m [33mRecord[39m[33m<[39m[33mstring[39m[33m,[39m any[33m>[39m)[33m:[39m [36mvoid[39m {
    [31m[1m>[22m[39m[90m 20 |[39m     console[33m.[39merror([36mthis[39m[33m.[39mformatMessage([32m'ERROR'[39m[33m,[39m message[33m,[39m meta))[33m;[39m
     [90m    |[39m             [31m[1m^[22m[39m
     [90m 21 |[39m   }
     [90m 22 |[39m
     [90m 23 |[39m   warn(message[33m:[39m string[33m,[39m meta[33m?[39m[33m:[39m [33mRecord[39m[33m<[39m[33mstring[39m[33m,[39m any[33m>[39m)[33m:[39m [36mvoid[39m {[0m

      at Logger.error (src/utils/logger.ts:20:13)
      at DynamicCodeExecutionService.executeCode (src/services/dynamic-code-execution.service.ts:104:19)
      at Object.<anonymous> (src/tests/dynamic-code-execution.service.test.ts:206:22)

  console.error
    2026-03-16T22:33:52.339Z ERROR [DynamicCodeExecutionService] Code execution failed {"error":"Execution error: undefinedFunction is not defined","executionTime":2,"codePreview":"return undefinedFunction();"}

    [0m [90m 18 |[39m
     [90m 19 |[39m   error(message[33m:[39m string[33m,[39m meta[33m?[39m[33m:[39m [33mRecord[39m[33m<[39m[33mstring[39m[33m,[39m any[33m>[39m)[33m:[39m [36mvoid[39m {
    [31m[1m>[22m[39m[90m 20 |[39m     console[33m.[39merror([36mthis[39m[33m.[39mformatMessage([32m'ERROR'[39m[33m,[39m message[33m,[39m meta))[33m;[39m
     [90m    |[39m             [31m[1m^[22m[39m
     [90m 21 |[39m   }
     [90m 22 |[39m
     [90m 23 |[39m   warn(message[33m:[39m string[33m,[39m meta[33m?[39m[33m:[39m [33mRecord[39m[33m<[39m[33mstring[39m[33m,[39m any[33m>[39m)[33m:[39m [36mvoid[39m {[0m

      at Logger.error (src/utils/logger.ts:20:13)
      at DynamicCodeExecutionService.executeCode (src/services/dynamic-code-execution.service.ts:104:19)
      at Object.<anonymous> (src/tests/dynamic-code-execution.service.test.ts:215:22)

  console.error
    2026-03-16T22:33:53.348Z ERROR [DynamicCodeExecutionService] Code execution failed {"error":"Code execution timeout after 1000ms","executionTime":1007,"codePreview":"while(true) { /* infinite loop */ }"}

    [0m [90m 18 |[39m
     [90m 19 |[39m   error(message[33m:[39m string[33m,[39m meta[33m?[39m[33m:[39m [33mRecord[39m[33m<[39m[33mstring[39m[33m,[39m any[33m>[39m)[33m:[39m [36mvoid[39m {
    [31m[1m>[22m[39m[90m 20 |[39m     console[33m.[39merror([36mthis[39m[33m.[39mformatMessage([32m'ERROR'[39m[33m,[39m message[33m,[39m meta))[33m;[39m
     [90m    |[39m             [31m[1m^[22m[39m
     [90m 21 |[39m   }
     [90m 22 |[39m
     [90m 23 |[39m   warn(message[33m:[39m string[33m,[39m meta[33m?[39m[33m:[39m [33mRecord[39m[33m<[39m[33mstring[39m[33m,[39m any[33m>[39m)[33m:[39m [36mvoid[39m {[0m

      at Logger.error (src/utils/logger.ts:20:13)
      at DynamicCodeExecutionService.executeCode (src/services/dynamic-code-execution.service.ts:104:19)
      at Object.<anonymous> (src/tests/dynamic-code-execution.service.test.ts:226:22)

  console.error
    2026-03-16T22:33:53.474Z ERROR [DynamicCodeExecutionService] Code execution failed {"error":"Code execution timeout after 100ms","executionTime":121,"codePreview":"\n        let sum = 0;\n        for(let i = 0; i < 10000000; i++) {\n          sum += Math.sqrt(i);\n        }\n        return sum;\n      "}

    [0m [90m 18 |[39m
     [90m 19 |[39m   error(message[33m:[39m string[33m,[39m meta[33m?[39m[33m:[39m [33mRecord[39m[33m<[39m[33mstring[39m[33m,[39m any[33m>[39m)[33m:[39m [36mvoid[39m {
    [31m[1m>[22m[39m[90m 20 |[39m     console[33m.[39merror([36mthis[39m[33m.[39mformatMessage([32m'ERROR'[39m[33m,[39m message[33m,[39m meta))[33m;[39m
     [90m    |[39m             [31m[1m^[22m[39m
     [90m 21 |[39m   }
     [90m 22 |[39m
     [90m 23 |[39m   warn(message[33m:[39m string[33m,[39m meta[33m?[39m[33m:[39m [33mRecord[39m[33m<[39m[33mstring[39m[33m,[39m any[33m>[39m)[33m:[39m [36mvoid[39m {[0m

      at Logger.error (src/utils/logger.ts:20:13)
      at DynamicCodeExecutionService.executeCode (src/services/dynamic-code-execution.service.ts:104:19)
      at Object.<anonymous> (src/tests/dynamic-code-execution.service.test.ts:241:22)

  console.error
    2026-03-16T22:33:53.487Z ERROR [DynamicCodeExecutionService] Code execution failed {"error":"Execution error: require is not defined","executionTime":2,"codePreview":"\n        const fs = require('fs');\n        return fs.readFileSync('/etc/passwd', 'utf8');\n      "}

    [0m [90m 18 |[39m
     [90m 19 |[39m   error(message[33m:[39m string[33m,[39m meta[33m?[39m[33m:[39m [33mRecord[39m[33m<[39m[33mstring[39m[33m,[39m any[33m>[39m)[33m:[39m [36mvoid[39m {
    [31m[1m>[22m[39m[90m 20 |[39m     console[33m.[39merror([36mthis[39m[33m.[39mformatMessage([32m'ERROR'[39m[33m,[39m message[33m,[39m meta))[33m;[39m
     [90m    |[39m             [31m[1m^[22m[39m
     [90m 21 |[39m   }
     [90m 22 |[39m
     [90m 23 |[39m   warn(message[33m:[39m string[33m,[39m meta[33m?[39m[33m:[39m [33mRecord[39m[33m<[39m[33mstring[39m[33m,[39m any[33m>[39m)[33m:[39m [36mvoid[39m {[0m

      at Logger.error (src/utils/logger.ts:20:13)
      at DynamicCodeExecutionService.executeCode (src/services/dynamic-code-execution.service.ts:104:19)
      at Object.<anonymous> (src/tests/dynamic-code-execution.service.test.ts:263:22)

  console.error
    2026-03-16T22:33:53.492Z ERROR [DynamicCodeExecutionService] Code execution failed {"error":"Execution error: process is not defined","executionTime":2,"codePreview":"return process.env;"}

    [0m [90m 18 |[39m
     [90m 19 |[39m   error(message[33m:[39m string[33m,[39m meta[33m?[39m[33m:[39m [33mRecord[39m[33m<[39m[33mstring[39m[33m,[39m any[33m>[39m)[33m:[39m [36mvoid[39m {
    [31m[1m>[22m[39m[90m 20 |[39m     console[33m.[39merror([36mthis[39m[33m.[39mformatMessage([32m'ERROR'[39m[33m,[39m message[33m,[39m meta))[33m;[39m
     [90m    |[39m             [31m[1m^[22m[39m
     [90m 21 |[39m   }
     [90m 22 |[39m
     [90m 23 |[39m   warn(message[33m:[39m string[33m,[39m meta[33m?[39m[33m:[39m [33mRecord[39m[33m<[39m[33mstring[39m[33m,[39m any[33m>[39m)[33m:[39m [36mvoid[39m {[0m

      at Logger.error (src/utils/logger.ts:20:13)
      at DynamicCodeExecutionService.executeCode (src/services/dynamic-code-execution.service.ts:104:19)
      at Object.<anonymous> (src/tests/dynamic-code-execution.service.test.ts:271:22)

  console.error
    2026-03-16T22:33:53.497Z ERROR [DynamicCodeExecutionService] Code execution failed {"error":"Execution error: global is not defined","executionTime":2,"codePreview":"return global;"}

    [0m [90m 18 |[39m
     [90m 19 |[39m   error(message[33m:[39m string[33m,[39m meta[33m?[39m[33m:[39m [33mRecord[39m[33m<[39m[33mstring[39m[33m,[39m any[33m>[39m)[33m:[39m [36mvoid[39m {
    [31m[1m>[22m[39m[90m 20 |[39m     console[33m.[39merror([36mthis[39m[33m.[39mformatMessage([32m'ERROR'[39m[33m,[39m message[33m,[39m meta))[33m;[39m
     [90m    |[39m             [31m[1m^[22m[39m
     [90m 21 |[39m   }
     [90m 22 |[39m
     [90m 23 |[39m   warn(message[33m:[39m string[33m,[39m meta[33m?[39m[33m:[39m [33mRecord[39m[33m<[39m[33mstring[39m[33m,[39m any[33m>[39m)[33m:[39m [36mvoid[39m {[0m

      at Logger.error (src/utils/logger.ts:20:13)
      at DynamicCodeExecutionService.executeCode (src/services/dynamic-code-execution.service.ts:104:19)
      at Object.<anonymous> (src/tests/dynamic-code-execution.service.test.ts:279:22)

  console.error
    2026-03-16T22:33:53.505Z ERROR [DynamicCodeExecutionService] Code execution failed {"error":"Execution error: require is not defined","executionTime":3,"codePreview":"return require(\"child_process\");"}

    [0m [90m 18 |[39m
     [90m 19 |[39m   error(message[33m:[39m string[33m,[39m meta[33m?[39m[33m:[39m [33mRecord[39m[33m<[39m[33mstring[39m[33m,[39m any[33m>[39m)[33m:[39m [36mvoid[39m {
    [31m[1m>[22m[39m[90m 20 |[39m     console[33m.[39merror([36mthis[39m[33m.[39mformatMessage([32m'ERROR'[39m[33m,[39m message[33m,[39m meta))[33m;[39m
     [90m    |[39m             [31m[1m^[22m[39m
     [90m 21 |[39m   }
     [90m 22 |[39m
     [90m 23 |[39m   warn(message[33m:[39m string[33m,[39m meta[33m?[39m[33m:[39m [33mRecord[39m[33m<[39m[33mstring[39m[33m,[39m any[33m>[39m)[33m:[39m [36mvoid[39m {[0m

      at Logger.error (src/utils/logger.ts:20:13)
      at DynamicCodeExecutionService.executeCode (src/services/dynamic-code-execution.service.ts:104:19)
      at Object.<anonymous> (src/tests/dynamic-code-execution.service.test.ts:287:22)

  console.error
    2026-03-16T22:33:53.651Z ERROR [DynamicCodeExecutionService] Code execution failed {"error":"Code execution timeout after 100ms","executionTime":105,"codePreview":"\n        let sum = 0;\n        for(let i = 0; i < 1000000; i++) {\n          sum += Math.sqrt(i);\n        }\n        return sum;\n      "}

    [0m [90m 18 |[39m
     [90m 19 |[39m   error(message[33m:[39m string[33m,[39m meta[33m?[39m[33m:[39m [33mRecord[39m[33m<[39m[33mstring[39m[33m,[39m any[33m>[39m)[33m:[39m [36mvoid[39m {
    [31m[1m>[22m[39m[90m 20 |[39m     console[33m.[39merror([36mthis[39m[33m.[39mformatMessage([32m'ERROR'[39m[33m,[39m message[33m,[39m meta))[33m;[39m
     [90m    |[39m             [31m[1m^[22m[39m
     [90m 21 |[39m   }
     [90m 22 |[39m
     [90m 23 |[39m   warn(message[33m:[39m string[33m,[39m meta[33m?[39m[33m:[39m [33mRecord[39m[33m<[39m[33mstring[39m[33m,[39m any[33m>[39m)[33m:[39m [36mvoid[39m {[0m

      at Logger.error (src/utils/logger.ts:20:13)
      at DynamicCodeExecutionService.executeCode (src/services/dynamic-code-execution.service.ts:104:19)
      at Object.<anonymous> (src/tests/dynamic-code-execution.service.test.ts:495:22)

FAIL src/tests/dynamic-code-execution.service.test.ts
  DynamicCodeExecutionService
    Basic Code Execution
      ΓêÜ should execute simple return statement (7 ms)
      ΓêÜ should execute code with mathematical operations (2 ms)
      ΓêÜ should execute code with string operations (3 ms)
      ΓêÜ should execute code with array operations (3 ms)
      ΓêÜ should execute code with object operations (3 ms)
    Context Access
      ΓêÜ should access event data (3 ms)
      ΓêÜ should access context data (2 ms)
      ├ù should access timestamp (3 ms)
      ├ù should access utility functions (3 ms)
    Helper Functions
      ΓêÜ should access date helpers (3 ms)
      ΓêÜ should calculate days between dates (7 ms)
      ΓêÜ should check string contains (3 ms)
      ΓêÜ should check value between range (2 ms)
      ΓêÜ should get nested object value (2 ms)
    Error Handling
      ΓêÜ should handle syntax errors (5 ms)
      ΓêÜ should handle runtime errors (4 ms)
      ΓêÜ should handle type errors (3 ms)
      ΓêÜ should handle reference errors (3 ms)
    Timeout Protection
      ΓêÜ should timeout infinite loops (1011 ms)
      ΓêÜ should timeout long-running operations (125 ms)
      ΓêÜ should complete within timeout for fast operations (4 ms)
    Security Features
      ΓêÜ should block file system access (6 ms)
      ΓêÜ should block process access (4 ms)
      ΓêÜ should block global access (6 ms)
      ΓêÜ should block require function (8 ms)
      ├ù should block eval function (5 ms)
      ├ù should block constructor access to restricted objects (3 
ms)
    Complex Business Logic
      ΓêÜ should execute loan calculation logic (7 ms)
      ΓêÜ should execute risk assessment logic (4 ms)
      ΓêÜ should execute data transformation logic (5 ms)
    Performance and Memory
      ΓêÜ should track execution time (4 ms)
      ΓêÜ should handle large data processing (8 ms)
    Configuration Options
      ΓêÜ should use custom timeout (110 ms)
      ΓêÜ should use custom sandbox variables (4 ms)
    Edge Cases
      ΓêÜ should handle empty code (5 ms)
      ΓêÜ should handle code without return statement (5 ms)
      ΓêÜ should handle null and undefined returns (5 ms)
      ΓêÜ should handle complex object returns (5 ms)
    Real-world Integration Scenarios
      ΓêÜ should handle API response transformation (5 ms)

  ΓùÅ DynamicCodeExecutionService ΓÇ║ Context Access ΓÇ║ should 
access timestamp

    expect(received).toBe(expected) // Object.is equality

    Expected: 2024
    Received: 2023

    [0m [90m 111 |[39m       
     [90m 112 |[39m       expect(result[33m.[39msuccess)[33m.[
39mtoBe([36mtrue[39m)[33m;[39m
    [31m[1m>[22m[39m[90m 113 |[39m       expect(result[33m.[
39mresult)[33m.[39mtoBe([35m2024[39m)[33m;[39m
     [90m     |[39m                             
[31m[1m^[22m[39m
     [90m 114 |[39m     })[33m;[39m
     [90m 115 |[39m
     [90m 116 |[39m     test([32m'should access utility 
functions'[39m[33m,[39m [36masync[39m () [33m=>[39m {[0m

      at Object.<anonymous> 
(src/tests/dynamic-code-execution.service.test.ts:113:29)

  ΓùÅ DynamicCodeExecutionService ΓÇ║ Context Access ΓÇ║ should 
access utility functions

    expect(received).toBe(expected) // Object.is equality

    Expected: true
    Received: false

    [0m [90m 122 |[39m       
     [90m 123 |[39m       expect(result[33m.[39msuccess)[33m.[
39mtoBe([36mtrue[39m)[33m;[39m
    [31m[1m>[22m[39m[90m 124 |[39m       expect(result[33m.[
39mresult)[33m.[39mtoBe([36mtrue[39m)[33m;[39m
     [90m     |[39m                             
[31m[1m^[22m[39m
     [90m 125 |[39m     })[33m;[39m
     [90m 126 |[39m   })[33m;[39m
     [90m 127 |[39m[0m

      at Object.<anonymous> 
(src/tests/dynamic-code-execution.service.test.ts:124:29)

  ΓùÅ DynamicCodeExecutionService ΓÇ║ Security Features ΓÇ║ should 
block eval function

    expect(received).toBe(expected) // Object.is equality

    Expected: false
    Received: true

    [0m [90m 295 |[39m       [36mconst[39m result [33m=[39m 
[36mawait[39m service[33m.[39mexecuteCode(code[33m,[39m 
defaultContext)[33m;[39m
     [90m 296 |[39m       
    [31m[1m>[22m[39m[90m 297 |[39m       expect(result[33m.[
39msuccess)[33m.[39mtoBe([36mfalse[39m)[33m;[39m
     [90m     |[39m                              
[31m[1m^[22m[39m
     [90m 298 |[39m       
expect(result[33m.[39merror)[33m.[39mtoBeDefined()[33m;[39m
     [90m 299 |[39m     })[33m;[39m
     [90m 300 |[39m[0m

      at Object.<anonymous> 
(src/tests/dynamic-code-execution.service.test.ts:297:30)

  ΓùÅ DynamicCodeExecutionService ΓÇ║ Security Features ΓÇ║ should 
block constructor access to restricted objects

    expect(received).toBe(expected) // Object.is equality

    Expected: false
    Received: true

    [0m [90m 303 |[39m       [36mconst[39m result [33m=[39m 
[36mawait[39m service[33m.[39mexecuteCode(code[33m,[39m 
defaultContext)[33m;[39m
     [90m 304 |[39m       
    [31m[1m>[22m[39m[90m 305 |[39m       expect(result[33m.[
39msuccess)[33m.[39mtoBe([36mfalse[39m)[33m;[39m
     [90m     |[39m                              
[31m[1m^[22m[39m
     [90m 306 |[39m       
expect(result[33m.[39merror)[33m.[39mtoBeDefined()[33m;[39m
     [90m 307 |[39m     })[33m;[39m
     [90m 308 |[39m   })[33m;[39m[0m

      at Object.<anonymous> 
(src/tests/dynamic-code-execution.service.test.ts:305:30)

FAIL src/tests/cosmos-db-integration.test.ts
  Cosmos DB Integration Tests
    Database Health and Connection
      ├ù should connect to Cosmos DB successfully
      ├ù should pass health check
    Order Operations
      ├ù should create an order successfully
      ├ù should retrieve order by ID
      ├ù should update order status
      ├ù should search orders with filters
    Vendor Operations
      ├ù should create a vendor successfully (1 ms)
      ├ù should retrieve vendor by ID
      ├ù should update vendor information
      ├ù should retrieve all vendors
      ├ù should get vendor performance metrics
    QC Results Operations
      ├ù should create QC result
      ├ù should retrieve QC result by order ID
      ├ù should get QC metrics
    Analytics Operations
      ├ù should get analytics overview (1 ms)
      ├ù should get performance analytics
    Property Operations
      ├ù should create property summary (1 ms)
      ├ù should search property summaries
    Error Handling
      ├ù should handle non-existent order gracefully
      ├ù should handle non-existent vendor gracefully

  ΓùÅ Cosmos DB Integration Tests ΓÇ║ Database Health and 
Connection ΓÇ║ should connect to Cosmos DB successfully

    Cosmos DB endpoint is required. Set COSMOS_ENDPOINT (or 
AZURE_COSMOS_ENDPOINT) to your production CosmosDB endpoint.

    [0m [90m 120 |[39m     
     [90m 121 |[39m     [36mif[39m 
([33m![39m[36mthis[39m[33m.[39mendpoint) {
    [31m[1m>[22m[39m[90m 122 |[39m       [36mthrow[39m 
[36mnew[39m [33mError[39m(
     [90m     |[39m             [31m[1m^[22m[39m
     [90m 123 |[39m         [32m'Cosmos DB endpoint is required. 
'[39m [33m+[39m
     [90m 124 |[39m         [32m'Set COSMOS_ENDPOINT (or 
AZURE_COSMOS_ENDPOINT) to your production CosmosDB endpoint.'[39m
     [90m 125 |[39m       )[33m;[39m[0m

      at new CosmosDbService 
(src/services/cosmos-db.service.ts:122:13)
      at Object.<anonymous> 
(src/tests/cosmos-db-integration.test.ts:16:17)

  ΓùÅ Cosmos DB Integration Tests ΓÇ║ Database Health and 
Connection ΓÇ║ should pass health check

    Cosmos DB endpoint is required. Set COSMOS_ENDPOINT (or 
AZURE_COSMOS_ENDPOINT) to your production CosmosDB endpoint.

    [0m [90m 120 |[39m     
     [90m 121 |[39m     [36mif[39m 
([33m![39m[36mthis[39m[33m.[39mendpoint) {
    [31m[1m>[22m[39m[90m 122 |[39m       [36mthrow[39m 
[36mnew[39m [33mError[39m(
     [90m     |[39m             [31m[1m^[22m[39m
     [90m 123 |[39m         [32m'Cosmos DB endpoint is required. 
'[39m [33m+[39m
     [90m 124 |[39m         [32m'Set COSMOS_ENDPOINT (or 
AZURE_COSMOS_ENDPOINT) to your production CosmosDB endpoint.'[39m
     [90m 125 |[39m       )[33m;[39m[0m

      at new CosmosDbService 
(src/services/cosmos-db.service.ts:122:13)
      at Object.<anonymous> 
(src/tests/cosmos-db-integration.test.ts:16:17)

  ΓùÅ Cosmos DB Integration Tests ΓÇ║ Order Operations ΓÇ║ should 
create an order successfully

    Cosmos DB endpoint is required. Set COSMOS_ENDPOINT (or 
AZURE_COSMOS_ENDPOINT) to your production CosmosDB endpoint.

    [0m [90m 120 |[39m     
     [90m 121 |[39m     [36mif[39m 
([33m![39m[36mthis[39m[33m.[39mendpoint) {
    [31m[1m>[22m[39m[90m 122 |[39m       [36mthrow[39m 
[36mnew[39m [33mError[39m(
     [90m     |[39m             [31m[1m^[22m[39m
     [90m 123 |[39m         [32m'Cosmos DB endpoint is required. 
'[39m [33m+[39m
     [90m 124 |[39m         [32m'Set COSMOS_ENDPOINT (or 
AZURE_COSMOS_ENDPOINT) to your production CosmosDB endpoint.'[39m
     [90m 125 |[39m       )[33m;[39m[0m

      at new CosmosDbService 
(src/services/cosmos-db.service.ts:122:13)
      at Object.<anonymous> 
(src/tests/cosmos-db-integration.test.ts:16:17)

  ΓùÅ Cosmos DB Integration Tests ΓÇ║ Order Operations ΓÇ║ should 
retrieve order by ID

    Cosmos DB endpoint is required. Set COSMOS_ENDPOINT (or 
AZURE_COSMOS_ENDPOINT) to your production CosmosDB endpoint.

    [0m [90m 120 |[39m     
     [90m 121 |[39m     [36mif[39m 
([33m![39m[36mthis[39m[33m.[39mendpoint) {
    [31m[1m>[22m[39m[90m 122 |[39m       [36mthrow[39m 
[36mnew[39m [33mError[39m(
     [90m     |[39m             [31m[1m^[22m[39m
     [90m 123 |[39m         [32m'Cosmos DB endpoint is required. 
'[39m [33m+[39m
     [90m 124 |[39m         [32m'Set COSMOS_ENDPOINT (or 
AZURE_COSMOS_ENDPOINT) to your production CosmosDB endpoint.'[39m
     [90m 125 |[39m       )[33m;[39m[0m

      at new CosmosDbService 
(src/services/cosmos-db.service.ts:122:13)
      at Object.<anonymous> 
(src/tests/cosmos-db-integration.test.ts:16:17)

  ΓùÅ Cosmos DB Integration Tests ΓÇ║ Order Operations ΓÇ║ should 
update order status

    Cosmos DB endpoint is required. Set COSMOS_ENDPOINT (or 
AZURE_COSMOS_ENDPOINT) to your production CosmosDB endpoint.

    [0m [90m 120 |[39m     
     [90m 121 |[39m     [36mif[39m 
([33m![39m[36mthis[39m[33m.[39mendpoint) {
    [31m[1m>[22m[39m[90m 122 |[39m       [36mthrow[39m 
[36mnew[39m [33mError[39m(
     [90m     |[39m             [31m[1m^[22m[39m
     [90m 123 |[39m         [32m'Cosmos DB endpoint is required. 
'[39m [33m+[39m
     [90m 124 |[39m         [32m'Set COSMOS_ENDPOINT (or 
AZURE_COSMOS_ENDPOINT) to your production CosmosDB endpoint.'[39m
     [90m 125 |[39m       )[33m;[39m[0m

      at new CosmosDbService 
(src/services/cosmos-db.service.ts:122:13)
      at Object.<anonymous> 
(src/tests/cosmos-db-integration.test.ts:16:17)

  ΓùÅ Cosmos DB Integration Tests ΓÇ║ Order Operations ΓÇ║ should 
search orders with filters

    Cosmos DB endpoint is required. Set COSMOS_ENDPOINT (or 
AZURE_COSMOS_ENDPOINT) to your production CosmosDB endpoint.

    [0m [90m 120 |[39m     
     [90m 121 |[39m     [36mif[39m 
([33m![39m[36mthis[39m[33m.[39mendpoint) {
    [31m[1m>[22m[39m[90m 122 |[39m       [36mthrow[39m 
[36mnew[39m [33mError[39m(
     [90m     |[39m             [31m[1m^[22m[39m
     [90m 123 |[39m         [32m'Cosmos DB endpoint is required. 
'[39m [33m+[39m
     [90m 124 |[39m         [32m'Set COSMOS_ENDPOINT (or 
AZURE_COSMOS_ENDPOINT) to your production CosmosDB endpoint.'[39m
     [90m 125 |[39m       )[33m;[39m[0m

      at new CosmosDbService 
(src/services/cosmos-db.service.ts:122:13)
      at Object.<anonymous> 
(src/tests/cosmos-db-integration.test.ts:16:17)

  ΓùÅ Cosmos DB Integration Tests ΓÇ║ Vendor Operations ΓÇ║ should 
create a vendor successfully

    Cosmos DB endpoint is required. Set COSMOS_ENDPOINT (or 
AZURE_COSMOS_ENDPOINT) to your production CosmosDB endpoint.

    [0m [90m 120 |[39m     
     [90m 121 |[39m     [36mif[39m 
([33m![39m[36mthis[39m[33m.[39mendpoint) {
    [31m[1m>[22m[39m[90m 122 |[39m       [36mthrow[39m 
[36mnew[39m [33mError[39m(
     [90m     |[39m             [31m[1m^[22m[39m
     [90m 123 |[39m         [32m'Cosmos DB endpoint is required. 
'[39m [33m+[39m
     [90m 124 |[39m         [32m'Set COSMOS_ENDPOINT (or 
AZURE_COSMOS_ENDPOINT) to your production CosmosDB endpoint.'[39m
     [90m 125 |[39m       )[33m;[39m[0m

      at new CosmosDbService 
(src/services/cosmos-db.service.ts:122:13)
      at Object.<anonymous> 
(src/tests/cosmos-db-integration.test.ts:16:17)

  ΓùÅ Cosmos DB Integration Tests ΓÇ║ Vendor Operations ΓÇ║ should 
retrieve vendor by ID

    Cosmos DB endpoint is required. Set COSMOS_ENDPOINT (or 
AZURE_COSMOS_ENDPOINT) to your production CosmosDB endpoint.

    [0m [90m 120 |[39m     
     [90m 121 |[39m     [36mif[39m 
([33m![39m[36mthis[39m[33m.[39mendpoint) {
    [31m[1m>[22m[39m[90m 122 |[39m       [36mthrow[39m 
[36mnew[39m [33mError[39m(
     [90m     |[39m             [31m[1m^[22m[39m
     [90m 123 |[39m         [32m'Cosmos DB endpoint is required. 
'[39m [33m+[39m
     [90m 124 |[39m         [32m'Set COSMOS_ENDPOINT (or 
AZURE_COSMOS_ENDPOINT) to your production CosmosDB endpoint.'[39m
     [90m 125 |[39m       )[33m;[39m[0m

      at new CosmosDbService 
(src/services/cosmos-db.service.ts:122:13)
      at Object.<anonymous> 
(src/tests/cosmos-db-integration.test.ts:16:17)

  ΓùÅ Cosmos DB Integration Tests ΓÇ║ Vendor Operations ΓÇ║ should 
update vendor information

    Cosmos DB endpoint is required. Set COSMOS_ENDPOINT (or 
AZURE_COSMOS_ENDPOINT) to your production CosmosDB endpoint.

    [0m [90m 120 |[39m     
     [90m 121 |[39m     [36mif[39m 
([33m![39m[36mthis[39m[33m.[39mendpoint) {
    [31m[1m>[22m[39m[90m 122 |[39m       [36mthrow[39m 
[36mnew[39m [33mError[39m(
     [90m     |[39m             [31m[1m^[22m[39m
     [90m 123 |[39m         [32m'Cosmos DB endpoint is required. 
'[39m [33m+[39m
     [90m 124 |[39m         [32m'Set COSMOS_ENDPOINT (or 
AZURE_COSMOS_ENDPOINT) to your production CosmosDB endpoint.'[39m
     [90m 125 |[39m       )[33m;[39m[0m

      at new CosmosDbService 
(src/services/cosmos-db.service.ts:122:13)
      at Object.<anonymous> 
(src/tests/cosmos-db-integration.test.ts:16:17)

  ΓùÅ Cosmos DB Integration Tests ΓÇ║ Vendor Operations ΓÇ║ should 
retrieve all vendors

    Cosmos DB endpoint is required. Set COSMOS_ENDPOINT (or 
AZURE_COSMOS_ENDPOINT) to your production CosmosDB endpoint.

    [0m [90m 120 |[39m     
     [90m 121 |[39m     [36mif[39m 
([33m![39m[36mthis[39m[33m.[39mendpoint) {
    [31m[1m>[22m[39m[90m 122 |[39m       [36mthrow[39m 
[36mnew[39m [33mError[39m(
     [90m     |[39m             [31m[1m^[22m[39m
     [90m 123 |[39m         [32m'Cosmos DB endpoint is required. 
'[39m [33m+[39m
     [90m 124 |[39m         [32m'Set COSMOS_ENDPOINT (or 
AZURE_COSMOS_ENDPOINT) to your production CosmosDB endpoint.'[39m
     [90m 125 |[39m       )[33m;[39m[0m

      at new CosmosDbService 
(src/services/cosmos-db.service.ts:122:13)
      at Object.<anonymous> 
(src/tests/cosmos-db-integration.test.ts:16:17)

  ΓùÅ Cosmos DB Integration Tests ΓÇ║ Vendor Operations ΓÇ║ should 
get vendor performance metrics

    Cosmos DB endpoint is required. Set COSMOS_ENDPOINT (or 
AZURE_COSMOS_ENDPOINT) to your production CosmosDB endpoint.

    [0m [90m 120 |[39m     
     [90m 121 |[39m     [36mif[39m 
([33m![39m[36mthis[39m[33m.[39mendpoint) {
    [31m[1m>[22m[39m[90m 122 |[39m       [36mthrow[39m 
[36mnew[39m [33mError[39m(
     [90m     |[39m             [31m[1m^[22m[39m
     [90m 123 |[39m         [32m'Cosmos DB endpoint is required. 
'[39m [33m+[39m
     [90m 124 |[39m         [32m'Set COSMOS_ENDPOINT (or 
AZURE_COSMOS_ENDPOINT) to your production CosmosDB endpoint.'[39m
     [90m 125 |[39m       )[33m;[39m[0m

      at new CosmosDbService 
(src/services/cosmos-db.service.ts:122:13)
      at Object.<anonymous> 
(src/tests/cosmos-db-integration.test.ts:16:17)

  ΓùÅ Cosmos DB Integration Tests ΓÇ║ QC Results Operations ΓÇ║ 
should create QC result

    Cosmos DB endpoint is required. Set COSMOS_ENDPOINT (or 
AZURE_COSMOS_ENDPOINT) to your production CosmosDB endpoint.

    [0m [90m 120 |[39m     
     [90m 121 |[39m     [36mif[39m 
([33m![39m[36mthis[39m[33m.[39mendpoint) {
    [31m[1m>[22m[39m[90m 122 |[39m       [36mthrow[39m 
[36mnew[39m [33mError[39m(
     [90m     |[39m             [31m[1m^[22m[39m
     [90m 123 |[39m         [32m'Cosmos DB endpoint is required. 
'[39m [33m+[39m
     [90m 124 |[39m         [32m'Set COSMOS_ENDPOINT (or 
AZURE_COSMOS_ENDPOINT) to your production CosmosDB endpoint.'[39m
     [90m 125 |[39m       )[33m;[39m[0m

      at new CosmosDbService 
(src/services/cosmos-db.service.ts:122:13)
      at Object.<anonymous> 
(src/tests/cosmos-db-integration.test.ts:16:17)

  ΓùÅ Cosmos DB Integration Tests ΓÇ║ QC Results Operations ΓÇ║ 
should retrieve QC result by order ID

    Cosmos DB endpoint is required. Set COSMOS_ENDPOINT (or 
AZURE_COSMOS_ENDPOINT) to your production CosmosDB endpoint.

    [0m [90m 120 |[39m     
     [90m 121 |[39m     [36mif[39m 
([33m![39m[36mthis[39m[33m.[39mendpoint) {
    [31m[1m>[22m[39m[90m 122 |[39m       [36mthrow[39m 
[36mnew[39m [33mError[39m(
     [90m     |[39m             [31m[1m^[22m[39m
     [90m 123 |[39m         [32m'Cosmos DB endpoint is required. 
'[39m [33m+[39m
     [90m 124 |[39m         [32m'Set COSMOS_ENDPOINT (or 
AZURE_COSMOS_ENDPOINT) to your production CosmosDB endpoint.'[39m
     [90m 125 |[39m       )[33m;[39m[0m

      at new CosmosDbService 
(src/services/cosmos-db.service.ts:122:13)
      at Object.<anonymous> 
(src/tests/cosmos-db-integration.test.ts:16:17)

  ΓùÅ Cosmos DB Integration Tests ΓÇ║ QC Results Operations ΓÇ║ 
should get QC metrics

    Cosmos DB endpoint is required. Set COSMOS_ENDPOINT (or 
AZURE_COSMOS_ENDPOINT) to your production CosmosDB endpoint.

    [0m [90m 120 |[39m     
     [90m 121 |[39m     [36mif[39m 
([33m![39m[36mthis[39m[33m.[39mendpoint) {
    [31m[1m>[22m[39m[90m 122 |[39m       [36mthrow[39m 
[36mnew[39m [33mError[39m(
     [90m     |[39m             [31m[1m^[22m[39m
     [90m 123 |[39m         [32m'Cosmos DB endpoint is required. 
'[39m [33m+[39m
     [90m 124 |[39m         [32m'Set COSMOS_ENDPOINT (or 
AZURE_COSMOS_ENDPOINT) to your production CosmosDB endpoint.'[39m
     [90m 125 |[39m       )[33m;[39m[0m

      at new CosmosDbService 
(src/services/cosmos-db.service.ts:122:13)
      at Object.<anonymous> 
(src/tests/cosmos-db-integration.test.ts:16:17)

  ΓùÅ Cosmos DB Integration Tests ΓÇ║ Analytics Operations ΓÇ║ 
should get analytics overview

    Cosmos DB endpoint is required. Set COSMOS_ENDPOINT (or 
AZURE_COSMOS_ENDPOINT) to your production CosmosDB endpoint.

    [0m [90m 120 |[39m     
     [90m 121 |[39m     [36mif[39m 
([33m![39m[36mthis[39m[33m.[39mendpoint) {
    [31m[1m>[22m[39m[90m 122 |[39m       [36mthrow[39m 
[36mnew[39m [33mError[39m(
     [90m     |[39m             [31m[1m^[22m[39m
     [90m 123 |[39m         [32m'Cosmos DB endpoint is required. 
'[39m [33m+[39m
     [90m 124 |[39m         [32m'Set COSMOS_ENDPOINT (or 
AZURE_COSMOS_ENDPOINT) to your production CosmosDB endpoint.'[39m
     [90m 125 |[39m       )[33m;[39m[0m

      at new CosmosDbService 
(src/services/cosmos-db.service.ts:122:13)
      at Object.<anonymous> 
(src/tests/cosmos-db-integration.test.ts:16:17)

  ΓùÅ Cosmos DB Integration Tests ΓÇ║ Analytics Operations ΓÇ║ 
should get performance analytics

    Cosmos DB endpoint is required. Set COSMOS_ENDPOINT (or 
AZURE_COSMOS_ENDPOINT) to your production CosmosDB endpoint.

    [0m [90m 120 |[39m     
     [90m 121 |[39m     [36mif[39m 
([33m![39m[36mthis[39m[33m.[39mendpoint) {
    [31m[1m>[22m[39m[90m 122 |[39m       [36mthrow[39m 
[36mnew[39m [33mError[39m(
     [90m     |[39m             [31m[1m^[22m[39m
     [90m 123 |[39m         [32m'Cosmos DB endpoint is required. 
'[39m [33m+[39m
     [90m 124 |[39m         [32m'Set COSMOS_ENDPOINT (or 
AZURE_COSMOS_ENDPOINT) to your production CosmosDB endpoint.'[39m
     [90m 125 |[39m       )[33m;[39m[0m

      at new CosmosDbService 
(src/services/cosmos-db.service.ts:122:13)
      at Object.<anonymous> 
(src/tests/cosmos-db-integration.test.ts:16:17)

  ΓùÅ Cosmos DB Integration Tests ΓÇ║ Property Operations ΓÇ║ 
should create property summary

    Cosmos DB endpoint is required. Set COSMOS_ENDPOINT (or 
AZURE_COSMOS_ENDPOINT) to your production CosmosDB endpoint.

    [0m [90m 120 |[39m     
     [90m 121 |[39m     [36mif[39m 
([33m![39m[36mthis[39m[33m.[39mendpoint) {
    [31m[1m>[22m[39m[90m 122 |[39m       [36mthrow[39m 
[36mnew[39m [33mError[39m(
     [90m     |[39m             [31m[1m^[22m[39m
     [90m 123 |[39m         [32m'Cosmos DB endpoint is required. 
'[39m [33m+[39m
     [90m 124 |[39m         [32m'Set COSMOS_ENDPOINT (or 
AZURE_COSMOS_ENDPOINT) to your production CosmosDB endpoint.'[39m
     [90m 125 |[39m       )[33m;[39m[0m

      at new CosmosDbService 
(src/services/cosmos-db.service.ts:122:13)
      at Object.<anonymous> 
(src/tests/cosmos-db-integration.test.ts:16:17)

  ΓùÅ Cosmos DB Integration Tests ΓÇ║ Property Operations ΓÇ║ 
should search property summaries

    Cosmos DB endpoint is required. Set COSMOS_ENDPOINT (or 
AZURE_COSMOS_ENDPOINT) to your production CosmosDB endpoint.

    [0m [90m 120 |[39m     
     [90m 121 |[39m     [36mif[39m 
([33m![39m[36mthis[39m[33m.[39mendpoint) {
    [31m[1m>[22m[39m[90m 122 |[39m       [36mthrow[39m 
[36mnew[39m [33mError[39m(
     [90m     |[39m             [31m[1m^[22m[39m
     [90m 123 |[39m         [32m'Cosmos DB endpoint is required. 
'[39m [33m+[39m
     [90m 124 |[39m         [32m'Set COSMOS_ENDPOINT (or 
AZURE_COSMOS_ENDPOINT) to your production CosmosDB endpoint.'[39m
     [90m 125 |[39m       )[33m;[39m[0m

      at new CosmosDbService 
(src/services/cosmos-db.service.ts:122:13)
      at Object.<anonymous> 
(src/tests/cosmos-db-integration.test.ts:16:17)

  ΓùÅ Cosmos DB Integration Tests ΓÇ║ Error Handling ΓÇ║ should 
handle non-existent order gracefully

    Cosmos DB endpoint is required. Set COSMOS_ENDPOINT (or 
AZURE_COSMOS_ENDPOINT) to your production CosmosDB endpoint.

    [0m [90m 120 |[39m     
     [90m 121 |[39m     [36mif[39m 
([33m![39m[36mthis[39m[33m.[39mendpoint) {
    [31m[1m>[22m[39m[90m 122 |[39m       [36mthrow[39m 
[36mnew[39m [33mError[39m(
     [90m     |[39m             [31m[1m^[22m[39m
     [90m 123 |[39m         [32m'Cosmos DB endpoint is required. 
'[39m [33m+[39m
     [90m 124 |[39m         [32m'Set COSMOS_ENDPOINT (or 
AZURE_COSMOS_ENDPOINT) to your production CosmosDB endpoint.'[39m
     [90m 125 |[39m       )[33m;[39m[0m

      at new CosmosDbService 
(src/services/cosmos-db.service.ts:122:13)
      at Object.<anonymous> 
(src/tests/cosmos-db-integration.test.ts:16:17)

  ΓùÅ Cosmos DB Integration Tests ΓÇ║ Error Handling ΓÇ║ should 
handle non-existent vendor gracefully

    Cosmos DB endpoint is required. Set COSMOS_ENDPOINT (or 
AZURE_COSMOS_ENDPOINT) to your production CosmosDB endpoint.

    [0m [90m 120 |[39m     
     [90m 121 |[39m     [36mif[39m 
([33m![39m[36mthis[39m[33m.[39mendpoint) {
    [31m[1m>[22m[39m[90m 122 |[39m       [36mthrow[39m 
[36mnew[39m [33mError[39m(
     [90m     |[39m             [31m[1m^[22m[39m
     [90m 123 |[39m         [32m'Cosmos DB endpoint is required. 
'[39m [33m+[39m
     [90m 124 |[39m         [32m'Set COSMOS_ENDPOINT (or 
AZURE_COSMOS_ENDPOINT) to your production CosmosDB endpoint.'[39m
     [90m 125 |[39m       )[33m;[39m[0m

      at new CosmosDbService 
(src/services/cosmos-db.service.ts:122:13)
      at Object.<anonymous> 
(src/tests/cosmos-db-integration.test.ts:16:17)

  console.log
    ≡ƒº¬ [MOCK] charge $500.00 ΓåÆ mock_ch_1773700435769

      at MockPaymentProvider.charge (src/services/payment-providers/mock.provider.ts:29:13)

  console.log
    ≡ƒº¬ [MOCK] charge $500.00 ΓåÆ mock_ch_1773700436082

      at MockPaymentProvider.charge (src/services/payment-providers/mock.provider.ts:29:13)

  console.log
    ≡ƒº¬ [MOCK] charge $500.00 ΓåÆ mock_ch_1773700436385

      at MockPaymentProvider.charge (src/services/payment-providers/mock.provider.ts:29:13)

  console.log
    ≡ƒº¬ [MOCK] charge $500.00 ΓåÆ mock_ch_1773700436698

      at MockPaymentProvider.charge (src/services/payment-providers/mock.provider.ts:29:13)

  console.log
    ≡ƒº¬ [MOCK] payout $1200.00 ΓåÆ mock_po_1773700437104

      at MockPaymentProvider.payout (src/services/payment-providers/mock.provider.ts:44:13)

  console.log
    ≡ƒº¬ [MOCK] payout $1200.00 ΓåÆ mock_po_1773700437511

      at MockPaymentProvider.payout (src/services/payment-providers/mock.provider.ts:44:13)

  console.log
    ≡ƒº¬ [MOCK] payout $1200.00 ΓåÆ mock_po_1773700437916

      at MockPaymentProvider.payout (src/services/payment-providers/mock.provider.ts:44:13)

  console.log
    ≡ƒº¬ [MOCK] refund $500.00 against mock_ch_1234567890 ΓåÆ mock_rf_1773700438170

      at MockPaymentProvider.refund (src/services/payment-providers/mock.provider.ts:59:13)

  console.log
    ≡ƒº¬ [MOCK] refund $500.00 against mock_ch_1234567890 ΓåÆ mock_rf_1773700438435

      at MockPaymentProvider.refund (src/services/payment-providers/mock.provider.ts:59:13)

  console.log
    ≡ƒº¬ [MOCK] refund $500.00 against mock_ch_1234567890 ΓåÆ mock_rf_1773700438697

      at MockPaymentProvider.refund (src/services/payment-providers/mock.provider.ts:59:13)

  console.log
    ≡ƒº¬ [MOCK] charge $10.00 ΓåÆ mock_ch_1773700439000

      at MockPaymentProvider.charge (src/services/payment-providers/mock.provider.ts:29:13)
          at async Promise.all (index 0)

  console.log
    ≡ƒº¬ [MOCK] charge $10.00 ΓåÆ mock_ch_1773700439001

      at MockPaymentProvider.charge (src/services/payment-providers/mock.provider.ts:29:13)
          at async Promise.all (index 1)

  console.log
    ≡ƒº¬ Payment provider: Mock (no payment credentials configured)

      at createPaymentProvider (src/services/payment-providers/index.ts:88:11)

  console.log
    ≡ƒÆ│ Payment provider: Stripe (auto-detected)

      at createPaymentProvider (src/services/payment-providers/index.ts:61:13)

  console.log
    ≡ƒÅª Payment provider: Column Bank (auto-detected, env=sandbox)

      at createPaymentProvider (src/services/payment-providers/index.ts:68:13)

  console.log
    ≡ƒöù Payment provider: Plaid (auto-detected, env=sandbox)

      at createPaymentProvider (src/services/payment-providers/index.ts:76:13)

  console.log
    ≡ƒÆ│ Payment provider: Stripe (forced)

      at createPaymentProvider (src/services/payment-providers/index.ts:31:13)

  console.log
    ≡ƒÆ│ Payment provider: Stripe (forced)

      at createPaymentProvider (src/services/payment-providers/index.ts:31:13)

PASS src/tests/payment-providers.test.ts
  MockPaymentProvider
    ΓêÜ isAvailable() returns true (2 ms)
    ΓêÜ has a stable provider name (1 ms)
    ΓêÜ successive calls return different providerTransactionIds 
(304 ms)
    charge()
      ΓêÜ returns success=true (310 ms)
      ΓêÜ returns COMPLETED status (313 ms)
      ΓêÜ returns a non-empty providerTransactionId starting with 
mock_ch_ (304 ms)
      ΓêÜ returns a receiptUrl (312 ms)
    payout()
      ΓêÜ returns success=true (405 ms)
      ΓêÜ returns PROCESSING status (ACH settlement) (406 ms)
      ΓêÜ returns a non-empty providerTransactionId starting with 
mock_po_ (404 ms)
    refund()
      ΓêÜ returns success=true (254 ms)
      ΓêÜ returns COMPLETED status (266 ms)
      ΓêÜ returns a providerTransactionId starting with mock_rf_ 
(262 ms)
  createPaymentProvider factory
    ΓêÜ returns MockPaymentProvider when no env vars are set (102 
ms)
    ΓêÜ throws when PAYMENT_PROVIDER=stripe but STRIPE_SECRET_KEY 
is absent (34 ms)
    ΓêÜ throws when PAYMENT_PROVIDER=column_bank but COLUMN_API_KEY 
is absent (31 ms)
    ΓêÜ throws when PAYMENT_PROVIDER=plaid but PLAID_CLIENT_ID is 
absent (28 ms)
    ΓêÜ throws when PAYMENT_PROVIDER=yodlee but YODLEE_CLIENT_ID is 
absent (31 ms)
    ΓêÜ auto-detects Stripe when STRIPE_SECRET_KEY is set (29 ms)
    ΓêÜ auto-detects Column Bank when COLUMN_API_KEY is set (33 ms)
    ΓêÜ auto-detects Plaid when PLAID_CLIENT_ID and PLAID_SECRET 
are set (30 ms)
    ΓêÜ forced stripe via PAYMENT_PROVIDER=stripe with valid key 
(34 ms)
    ΓêÜ error message includes the missing var name and context (29 
ms)

  console.log
    ≡ƒº¬ [MOCK LOS] getLoan loanNumber=LN-001

      at MockLosProvider.getLoan (src/services/los-providers/mock.provider.ts:62:13)

  console.log
    ≡ƒº¬ [MOCK LOS] getLoan loanNumber=LN-STABLE

      at MockLosProvider.getLoan (src/services/los-providers/mock.provider.ts:62:13)

  console.log
    ≡ƒº¬ [MOCK LOS] getLoan loanNumber=LN-STABLE

      at MockLosProvider.getLoan (src/services/los-providers/mock.provider.ts:62:13)

  console.log
    ≡ƒº¬ [MOCK LOS] getLoan loanNumber=LN-AAA

      at MockLosProvider.getLoan (src/services/los-providers/mock.provider.ts:62:13)

  console.log
    ≡ƒº¬ [MOCK LOS] getLoan loanNumber=LN-ZZZ

      at MockLosProvider.getLoan (src/services/los-providers/mock.provider.ts:62:13)

  console.log
    ≡ƒº¬ [MOCK LOS] getLoan loanNumber=LN-A

      at MockLosProvider.getLoan (src/services/los-providers/mock.provider.ts:62:13)
          at async Promise.all (index 0)

  console.log
    ≡ƒº¬ [MOCK LOS] getLoan loanNumber=LN-B

      at MockLosProvider.getLoan (src/services/los-providers/mock.provider.ts:62:13)
          at async Promise.all (index 1)

  console.log
    ≡ƒº¬ [MOCK LOS] getLoan loanNumber=LN-C

      at MockLosProvider.getLoan (src/services/los-providers/mock.provider.ts:62:13)
          at async Promise.all (index 2)

  console.log
    ≡ƒº¬ [MOCK LOS] getLoan loanNumber=LN-D

      at MockLosProvider.getLoan (src/services/los-providers/mock.provider.ts:62:13)
          at async Promise.all (index 3)

  console.log
    ≡ƒº¬ [MOCK LOS] getLoan loanNumber=LN-E

      at MockLosProvider.getLoan (src/services/los-providers/mock.provider.ts:62:13)
          at async Promise.all (index 4)

  console.log
    ≡ƒº¬ [MOCK LOS] getLoan loanNumber=LN-F

      at MockLosProvider.getLoan (src/services/los-providers/mock.provider.ts:62:13)
          at async Promise.all (index 5)

  console.log
    ≡ƒº¬ [MOCK LOS] importOrder loanNumber=LN-001 ΓåÆ orderId=mock-los-tenant-1-LN-001-1773700440434

      at MockLosProvider.importOrder (src/services/los-providers/mock.provider.ts:36:13)

  console.log
    ≡ƒº¬ [MOCK LOS] importOrder loanNumber=LN-TRACE ΓåÆ orderId=mock-los-tenant-trace-LN-TRACE-1773700440650

      at MockLosProvider.importOrder (src/services/los-providers/mock.provider.ts:36:13)

  console.log
    ≡ƒº¬ [MOCK LOS] importOrder loanNumber=LN-001 ΓåÆ orderId=mock-los-tenant-1-LN-001-1773700440855

      at MockLosProvider.importOrder (src/services/los-providers/mock.provider.ts:36:13)

  console.log
    ≡ƒº¬ [MOCK LOS] pushOrder loanNumber=LN-001 status=Completed ΓåÆ mock-los-confirm-1773700441006

      at MockLosProvider.pushOrder (src/services/los-providers/mock.provider.ts:47:13)

  console.log
    ≡ƒº¬ [MOCK LOS] pushOrder loanNumber=LN-001 status=Completed ΓåÆ mock-los-confirm-1773700441158

      at MockLosProvider.pushOrder (src/services/los-providers/mock.provider.ts:47:13)

  console.log
    2026-03-16T22:34:01.173Z INFO [LosProviderFactory] LOS provider: Mock (no LOS credentials configured)

      at Logger.info (src/utils/logger.ts:16:13)

  console.log
    2026-03-16T22:34:01.178Z INFO [LosProviderFactory] LOS provider: Mock (no LOS credentials configured)

      at Logger.info (src/utils/logger.ts:16:13)

PASS src/tests/los-providers.test.ts
  MockLosProvider
    ΓêÜ isAvailable() always returns true (1 ms)
    ΓêÜ has name "Mock LOS (simulated)"
    getLoan
      ΓêÜ returns null for the NOTFOUND sentinel (109 ms)
      ΓêÜ returns a LosLoan for a normal loan number (115 ms)
      ΓêÜ is deterministic ΓÇö same loanNumber always returns same 
data (233 ms)
      ΓêÜ different loan numbers return different data (226 ms)
      ΓêÜ conditionally sets coBorrowerName based on seed (109 ms)
    importOrder
      ΓêÜ returns an LosImportResult with created=true (215 ms)
      ΓêÜ orderId includes tenantId and loanNumber for traceability 
(215 ms)
      ΓêÜ passes optional losFileId through without error (205 ms)
    pushOrder
      ΓêÜ returns success=true with a confirmation ID (151 ms)
      ΓêÜ includes appraisedValueCents in message when provided 
(152 ms)
  createLosProvider factory
    ΓêÜ returns MockLosProvider when no env vars are set (16 ms)
    ΓêÜ returns MockLosProvider when LOS_PROVIDER=mock (5 ms)
    ΓêÜ throws when LOS_PROVIDER=encompass but credentials are 
missing (12 ms)
    ΓêÜ throws when LOS_PROVIDER=black_knight but credentials are 
missing (4 ms)

  console.error
    2026-03-16T22:34:01.395Z ERROR [PortalController] Portal getOrder failed {"orderId":"order-001","tenantId":"test-tenant","error":"Cosmos query failed"}

    [0m [90m 18 |[39m
     [90m 19 |[39m   error(message[33m:[39m string[33m,[39m meta[33m?[39m[33m:[39m [33mRecord[39m[33m<[39m[33mstring[39m[33m,[39m any[33m>[39m)[33m:[39m [36mvoid[39m {
    [31m[1m>[22m[39m[90m 20 |[39m     console[33m.[39merror([36mthis[39m[33m.[39mformatMessage([32m'ERROR'[39m[33m,[39m message[33m,[39m meta))[33m;[39m
     [90m    |[39m             [31m[1m^[22m[39m
     [90m 21 |[39m   }
     [90m 22 |[39m
     [90m 23 |[39m   warn(message[33m:[39m string[33m,[39m meta[33m?[39m[33m:[39m [33mRecord[39m[33m<[39m[33mstring[39m[33m,[39m any[33m>[39m)[33m:[39m [36mvoid[39m {[0m

      at Logger.error (src/utils/logger.ts:20:13)
      at src/controllers/portal.controller.ts:84:14

  console.log
    2026-03-16T22:34:01.449Z INFO [PortalController] Portal e-consent signed {"orderId":"order-001","tenantId":"test-tenant","borrowerName":"Alice Appleton"}

      at Logger.info (src/utils/logger.ts:16:13)

  console.error
    2026-03-16T22:34:01.458Z ERROR [PortalController] Portal signConsent failed {"orderId":"order-001","tenantId":"test-tenant","error":"write throttled"}

    [0m [90m 18 |[39m
     [90m 19 |[39m   error(message[33m:[39m string[33m,[39m meta[33m?[39m[33m:[39m [33mRecord[39m[33m<[39m[33mstring[39m[33m,[39m any[33m>[39m)[33m:[39m [36mvoid[39m {
    [31m[1m>[22m[39m[90m 20 |[39m     console[33m.[39merror([36mthis[39m[33m.[39mformatMessage([32m'ERROR'[39m[33m,[39m message[33m,[39m meta))[33m;[39m
     [90m    |[39m             [31m[1m^[22m[39m
     [90m 21 |[39m   }
     [90m 22 |[39m
     [90m 23 |[39m   warn(message[33m:[39m string[33m,[39m meta[33m?[39m[33m:[39m [33mRecord[39m[33m<[39m[33mstring[39m[33m,[39m any[33m>[39m)[33m:[39m [36mvoid[39m {[0m

      at Logger.error (src/utils/logger.ts:20:13)
      at src/controllers/portal.controller.ts:166:14

  console.log
    2026-03-16T22:34:01.510Z INFO [PortalController] Portal ROV submitted {"orderId":"order-001","tenantId":"test-tenant"}

      at Logger.info (src/utils/logger.ts:16:13)

  console.error
    2026-03-16T22:34:01.518Z ERROR [PortalController] Portal ROV submit failed {"tenantId":"test-tenant","error":"Cosmos partition key error"}

    [0m [90m 18 |[39m
     [90m 19 |[39m   error(message[33m:[39m string[33m,[39m meta[33m?[39m[33m:[39m [33mRecord[39m[33m<[39m[33mstring[39m[33m,[39m any[33m>[39m)[33m:[39m [36mvoid[39m {
    [31m[1m>[22m[39m[90m 20 |[39m     console[33m.[39merror([36mthis[39m[33m.[39mformatMessage([32m'ERROR'[39m[33m,[39m message[33m,[39m meta))[33m;[39m
     [90m    |[39m             [31m[1m^[22m[39m
     [90m 21 |[39m   }
     [90m 22 |[39m
     [90m 23 |[39m   warn(message[33m:[39m string[33m,[39m meta[33m?[39m[33m:[39m [33mRecord[39m[33m<[39m[33mstring[39m[33m,[39m any[33m>[39m)[33m:[39m [36mvoid[39m {[0m

      at Logger.error (src/utils/logger.ts:20:13)
      at src/controllers/portal.controller.ts:273:14

PASS src/tests/portal.controller.test.ts
  GET /api/portal/orders/:orderId
    ΓêÜ returns 401 when no user (27 ms)
    ΓêÜ returns 404 when Cosmos returns no results (7 ms)
    ΓêÜ returns 200 with portal-safe fields only (11 ms)
    ΓêÜ returns 500 on Cosmos error (10 ms)
  GET /api/portal/econsent/:orderId
    ΓêÜ returns 401 when no user (8 ms)
    ΓêÜ returns 200 with consent record when found (8 ms)
    ΓêÜ returns 200 with null when no consent record exists (6 ms)
  POST /api/portal/econsent/:orderId/sign
    ΓêÜ returns 401 when no user (14 ms)
    ΓêÜ returns 400 when borrowerName is missing (9 ms)
    ΓêÜ returns 201 with consent record on successful sign (7 ms)
    ΓêÜ returns 500 when upsert throws (8 ms)
  GET /api/portal/delivery/:orderId
    ΓêÜ returns 401 when no user (8 ms)
    ΓêÜ returns 404 when no delivery receipt found (6 ms)
    ΓêÜ returns 200 with download URL when receipt exists (6 ms)
  POST /api/portal/rov
    ΓêÜ returns 401 when no user (8 ms)
    ΓêÜ returns 400 when orderId is missing (7 ms)
    ΓêÜ returns 400 when reason is missing (7 ms)
    ΓêÜ returns 201 with rovId and SUBMITTED status on success (9 
ms)
    ΓêÜ returns 500 when upsert throws (8 ms)

  console.log
    2026-03-16T22:34:01.638Z INFO [GseController] UCDP submit complete {"orderId":"order-001","status":"ACCEPTED","hardStops":0}

      at Logger.info (src/utils/logger.ts:16:13)

  console.log
    2026-03-16T22:34:01.648Z INFO [GseController] UCDP submit complete {"orderId":"order-001","status":"ERROR","hardStops":0}

      at Logger.info (src/utils/logger.ts:16:13)

  console.error
    2026-03-16T22:34:01.656Z ERROR [GseController] UCDP submit route error {"orderId":"order-001","error":"SOAP fault"}

    [0m [90m 18 |[39m
     [90m 19 |[39m   error(message[33m:[39m string[33m,[39m meta[33m?[39m[33m:[39m [33mRecord[39m[33m<[39m[33mstring[39m[33m,[39m any[33m>[39m)[33m:[39m [36mvoid[39m {
    [31m[1m>[22m[39m[90m 20 |[39m     console[33m.[39merror([36mthis[39m[33m.[39mformatMessage([32m'ERROR'[39m[33m,[39m message[33m,[39m meta))[33m;[39m
     [90m    |[39m             [31m[1m^[22m[39m
     [90m 21 |[39m   }
     [90m 22 |[39m
     [90m 23 |[39m   warn(message[33m:[39m string[33m,[39m meta[33m?[39m[33m:[39m [33mRecord[39m[33m<[39m[33mstring[39m[33m,[39m any[33m>[39m)[33m:[39m [36mvoid[39m {[0m

      at Logger.error (src/utils/logger.ts:20:13)
      at src/controllers/gse.controller.ts:59:14

  console.log
    2026-03-16T22:34:01.723Z INFO [GseController] EAD submit complete {"orderId":"order-002","status":"ACCEPTED","hardStops":0}

      at Logger.info (src/utils/logger.ts:16:13)

PASS src/tests/gse.controller.test.ts
  POST /api/gse/ucdp/submit/:orderId
    ΓêÜ returns 401 when no user (17 ms)
    ΓêÜ returns 400 when xmlContent is missing (7 ms)
    ΓêÜ returns 200 on accepted UCDP submission (9 ms)
    ΓêÜ returns 502 when submission status is ERROR (9 ms)
    ΓêÜ returns 500 when service.submit throws (9 ms)
  GET /api/gse/ucdp/status/:submissionId
    ΓêÜ returns 401 when no user (7 ms)
    ΓêÜ returns 200 with submission result (7 ms)
    ΓêÜ returns 404 when service throws "not found" (8 ms)
    ΓêÜ returns 500 on other error (6 ms)
  GET /api/gse/ucdp/order/:orderId
    ΓêÜ returns 401 when no user (7 ms)
    ΓêÜ returns 200 with submissions array (8 ms)
    ΓêÜ returns 500 on error (7 ms)
  POST /api/gse/ead/submit/:orderId
    ΓêÜ returns 400 when xmlContent is missing (7 ms)
    ΓêÜ returns 200 on accepted EAD submission with portal=EAD (8 
ms)
  GET /api/gse/ead/status/:submissionId
    ΓêÜ returns 200 on found EAD submission (7 ms)
    ΓêÜ returns 404 when service throws "not found" for EAD (6 ms)
  GET /api/gse/ead/order/:orderId
    ΓêÜ returns 200 with empty array when no EAD submissions (7 ms)

  console.log
    2026-03-16T22:34:01.859Z INFO [LosController] LOS order imported {"loanNumber":"LN-001","orderId":"mock-los-test-tenant-LN-001-1710000000000","tenantId":"test-tenant"}

      at Logger.info (src/utils/logger.ts:16:13)

  console.log
    2026-03-16T22:34:01.867Z INFO [LosController] LOS order imported {"loanNumber":"LN-001","orderId":"mock-los-test-tenant-LN-001-1710000000000","tenantId":"test-tenant"}

      at Logger.info (src/utils/logger.ts:16:13)

  console.error
    2026-03-16T22:34:01.876Z ERROR [LosController] LOS importOrder failed {"loanNumber":"LN-001","tenantId":"test-tenant","error":"LOS connection refused"}

    [0m [90m 18 |[39m
     [90m 19 |[39m   error(message[33m:[39m string[33m,[39m meta[33m?[39m[33m:[39m [33mRecord[39m[33m<[39m[33mstring[39m[33m,[39m any[33m>[39m)[33m:[39m [36mvoid[39m {
    [31m[1m>[22m[39m[90m 20 |[39m     console[33m.[39merror([36mthis[39m[33m.[39mformatMessage([32m'ERROR'[39m[33m,[39m message[33m,[39m meta))[33m;[39m
     [90m    |[39m             [31m[1m^[22m[39m
     [90m 21 |[39m   }
     [90m 22 |[39m
     [90m 23 |[39m   warn(message[33m:[39m string[33m,[39m meta[33m?[39m[33m:[39m [33mRecord[39m[33m<[39m[33mstring[39m[33m,[39m any[33m>[39m)[33m:[39m [36mvoid[39m {[0m

      at Logger.error (src/utils/logger.ts:20:13)
      at src/controllers/los.controller.ts:52:14

  console.log
    2026-03-16T22:34:01.907Z INFO [LosController] LOS push completed {"orderId":"order-xyz","loanNumber":"LN-001","success":true}

      at Logger.info (src/utils/logger.ts:16:13)

  console.log
    2026-03-16T22:34:01.915Z INFO [LosController] LOS push completed {"orderId":"order-99","loanNumber":"LN-001","success":false}

      at Logger.info (src/utils/logger.ts:16:13)

  console.error
    2026-03-16T22:34:01.924Z ERROR [LosController] LOS pushOrder failed {"orderId":"order-99","error":"LOS timeout"}

    [0m [90m 18 |[39m
     [90m 19 |[39m   error(message[33m:[39m string[33m,[39m meta[33m?[39m[33m:[39m [33mRecord[39m[33m<[39m[33mstring[39m[33m,[39m any[33m>[39m)[33m:[39m [36mvoid[39m {
    [31m[1m>[22m[39m[90m 20 |[39m     console[33m.[39merror([36mthis[39m[33m.[39mformatMessage([32m'ERROR'[39m[33m,[39m message[33m,[39m meta))[33m;[39m
     [90m    |[39m             [31m[1m^[22m[39m
     [90m 21 |[39m   }
     [90m 22 |[39m
     [90m 23 |[39m   warn(message[33m:[39m string[33m,[39m meta[33m?[39m[33m:[39m [33mRecord[39m[33m<[39m[33mstring[39m[33m,[39m any[33m>[39m)[33m:[39m [36mvoid[39m {[0m

      at Logger.error (src/utils/logger.ts:20:13)
      at src/controllers/los.controller.ts:92:14

  console.error
    2026-03-16T22:34:01.953Z ERROR [LosController] LOS getLoan failed {"loanNumber":"LN-001","tenantId":"test-tenant","error":"Network error"}

    [0m [90m 18 |[39m
     [90m 19 |[39m   error(message[33m:[39m string[33m,[39m meta[33m?[39m[33m:[39m [33mRecord[39m[33m<[39m[33mstring[39m[33m,[39m any[33m>[39m)[33m:[39m [36mvoid[39m {
    [31m[1m>[22m[39m[90m 20 |[39m     console[33m.[39merror([36mthis[39m[33m.[39mformatMessage([32m'ERROR'[39m[33m,[39m message[33m,[39m meta))[33m;[39m
     [90m    |[39m             [31m[1m^[22m[39m
     [90m 21 |[39m   }
     [90m 22 |[39m
     [90m 23 |[39m   warn(message[33m:[39m string[33m,[39m meta[33m?[39m[33m:[39m [33mRecord[39m[33m<[39m[33mstring[39m[33m,[39m any[33m>[39m)[33m:[39m [36mvoid[39m {[0m

      at Logger.error (src/utils/logger.ts:20:13)
      at src/controllers/los.controller.ts:117:14

PASS src/tests/los.controller.test.ts
  POST /api/los/orders/import
    ΓêÜ returns 401 when no authenticated user (13 ms)
    ΓêÜ returns 400 when loanNumber is missing (9 ms)
    ΓêÜ returns 201 with import result on happy path (7 ms)
    ΓêÜ passes optional losFileId when provided (7 ms)
    ΓêÜ returns 500 when provider.importOrder throws (10 ms)
  POST /api/los/orders/:orderId/push
    ΓêÜ returns 401 when no authenticated user (8 ms)
    ΓêÜ returns 400 when loanNumber is missing (6 ms)
    ΓêÜ returns 400 when statusCode is missing (8 ms)
    ΓêÜ returns 200 on successful push (8 ms)
    ΓêÜ returns 502 when provider returns success=false (7 ms)
    ΓêÜ returns 500 when provider.pushOrder throws (9 ms)
  GET /api/los/loans/:loanNumber
    ΓêÜ returns 401 when no authenticated user (7 ms)
    ΓêÜ returns 404 when provider returns null (7 ms)
    ΓêÜ returns 200 with loan data on happy path (8 ms)
    ΓêÜ returns 500 when provider.getLoan throws (7 ms)

PASS src/tests/construction-budget.service.test.ts
  computeLineItemDerived()
    ΓêÜ computes revisedAmount as originalAmount + changeOrderAmount
    ΓêÜ computes revisedAmount with negative changeOrderAmount (CO 
reduction)
    ΓêÜ computes remainingBalance as revisedAmount - drawnToDate (1 
ms)
    ΓêÜ computes percentDisbursed as (drawnToDate / revisedAmount) 
* 100, rounded to 2 decimals (2 ms)
    ΓêÜ returns percentDisbursed of 0 when revisedAmount is 0 
(avoids division by zero) (1 ms)
    ΓêÜ returns percentDisbursed of 100 when line is fully drawn
    ΓêÜ does not mutate the input object (1 ms)
  computeBudgetTotals()
    ΓêÜ sums line item originalAmounts into totalOriginalBudget
    ΓêÜ sums revisedAmounts into totalRevisedBudget (1 ms)
    ΓêÜ sums drawnToDate into totalDrawnToDate
    ΓêÜ returns all zeros for empty line items array (1 ms)
  computeDrawRetainage()
    ΓêÜ withholds the correct percentage of the approved amount
    ΓêÜ computes net disbursement as approvedAmount - 
retainageWithheld (1 ms)
    ΓêÜ returns approvedAmount as netDisbursed when 
retainagePercent is 0
    ΓêÜ throws when retainagePercent is negative (8 ms)
    ΓêÜ throws when retainagePercent exceeds 100
    ΓêÜ throws when approvedAmount is negative
  applyChangeOrderToLineItems()
    ΓêÜ applies delta to the matching line item changeOrderAmount 
(1 ms)
    ΓêÜ handles multiple simultaneous line item changes in one CO 
(1 ms)
    ΓêÜ accumulates multiple approved COs on the same line item
    ΓêÜ throws when a change references a budgetLineItemId that 
does not exist (1 ms)
    ΓêÜ does not mutate the input line items array
  computeContingencyUsed()
    ΓêÜ returns sum of drawnToDate for all CONTINGENCY category 
line items (1 ms)
    ΓêÜ returns 0 when no CONTINGENCY line items exist
  validateRetainageReleaseEligibility()
    ΓêÜ returns eligible when percentComplete meets the configured 
threshold (1 ms)
    ΓêÜ returns eligible when percentComplete exceeds the threshold
    ΓêÜ returns not eligible when percentComplete is below the 
threshold (1 ms)
    ΓêÜ always indicates human approval is required regardless of 
config value

  console.log
    2026-03-16T22:34:02.080Z INFO [GseProviderFactory] GSE UCDP provider: Mock (no UCDP_USERNAME/UCDP_PASSWORD configured)

      at Logger.info (src/utils/logger.ts:16:13)

  console.log
    2026-03-16T22:34:02.082Z INFO [GseProviderFactory] GSE EAD provider: Mock (no EAD_API_KEY/EAD_CLIENT_ID/EAD_CLIENT_SECRET configured)

      at Logger.info (src/utils/logger.ts:16:13)

  console.log
    2026-03-16T22:34:02.085Z INFO [GseProviderFactory] GSE UCDP provider: Mock (no UCDP_USERNAME/UCDP_PASSWORD configured)

      at Logger.info (src/utils/logger.ts:16:13)

  console.log
    2026-03-16T22:34:02.086Z INFO [GseProviderFactory] GSE EAD provider: Mock (no EAD_API_KEY/EAD_CLIENT_ID/EAD_CLIENT_SECRET configured)

      at Logger.info (src/utils/logger.ts:16:13)

  console.log
    ≡ƒº¬ [MOCK GSE UCDP] submit ΓåÆ mock-ucdp-1773700442086

      at MockGseProvider.submit (src/services/gse-providers/factory.ts:42:13)

  console.log
    2026-03-16T22:34:02.088Z INFO [GseProviderFactory] GSE UCDP provider: Mock (no UCDP_USERNAME/UCDP_PASSWORD configured)

      at Logger.info (src/utils/logger.ts:16:13)

  console.log
    2026-03-16T22:34:02.089Z INFO [GseProviderFactory] GSE EAD provider: Mock (no EAD_API_KEY/EAD_CLIENT_ID/EAD_CLIENT_SECRET configured)

      at Logger.info (src/utils/logger.ts:16:13)

  console.log
    ≡ƒº¬ [MOCK GSE EAD] submit ΓåÆ mock-ead-1773700442089

      at MockGseProvider.submit (src/services/gse-providers/factory.ts:42:13)

  console.log
    2026-03-16T22:34:02.091Z INFO [GseProviderFactory] GSE UCDP provider: Mock (no UCDP_USERNAME/UCDP_PASSWORD configured)

      at Logger.info (src/utils/logger.ts:16:13)

  console.log
    2026-03-16T22:34:02.092Z INFO [GseProviderFactory] GSE EAD provider: Mock (no EAD_API_KEY/EAD_CLIENT_ID/EAD_CLIENT_SECRET configured)

      at Logger.info (src/utils/logger.ts:16:13)

  console.log
    ≡ƒº¬ [MOCK GSE UCDP] checkStatus doc-001

      at MockGseProvider.checkStatus (src/services/gse-providers/factory.ts:50:13)

  console.log
    2026-03-16T22:34:02.094Z INFO [GseProviderFactory] GSE UCDP provider: Mock (no UCDP_USERNAME/UCDP_PASSWORD configured)

      at Logger.info (src/utils/logger.ts:16:13)

  console.log
    2026-03-16T22:34:02.095Z INFO [GseProviderFactory] GSE EAD provider: Mock (no EAD_API_KEY/EAD_CLIENT_ID/EAD_CLIENT_SECRET configured)

      at Logger.info (src/utils/logger.ts:16:13)

  console.log
    ≡ƒº¬ [MOCK GSE EAD] checkStatus doc-001

      at MockGseProvider.checkStatus (src/services/gse-providers/factory.ts:50:13)

  console.log
    2026-03-16T22:34:02.101Z INFO [GseProviderFactory] GSE UCDP provider: UcdpSoapProvider (env=sandbox)

      at Logger.info (src/utils/logger.ts:16:13)

  console.log
    2026-03-16T22:34:02.101Z INFO [GseProviderFactory] GSE EAD provider: Mock (no EAD_API_KEY/EAD_CLIENT_ID/EAD_CLIENT_SECRET configured)

      at Logger.info (src/utils/logger.ts:16:13)

  console.log
    2026-03-16T22:34:02.104Z INFO [GseProviderFactory] GSE UCDP provider: Mock (no UCDP_USERNAME/UCDP_PASSWORD configured)

      at Logger.info (src/utils/logger.ts:16:13)

  console.log
    2026-03-16T22:34:02.104Z INFO [GseProviderFactory] GSE EAD provider: EadRestProvider (env=sandbox)

      at Logger.info (src/utils/logger.ts:16:13)

PASS src/tests/gse-providers.test.ts
  createGseProvider factory
    ΓêÜ returns a SubmissionProvider with no credentials (mock 
composite) (8 ms)
    ΓêÜ composite.submit(UCDP) returns accepted status with no 
credentials (3 ms)
    ΓêÜ composite.submit(EAD) returns accepted status with no 
credentials (3 ms)
    ΓêÜ composite.checkStatus(UCDP) returns accepted status (3 ms)
    ΓêÜ composite.checkStatus(EAD) returns accepted status (3 ms)
    ΓêÜ builds composite with UcdpSoapProvider when UCDP creds are 
present (6 ms)
    ΓêÜ builds composite with EadRestProvider when EAD creds are 
present (3 ms)
  UcdpSoapProvider XML parsing helpers
    ΓêÜ extracts a simple XML tag value (1 ms)

FAIL src/tests/draw-request.service.test.ts
  ΓùÅ Test suite failed to run

    AZURE_COSMOS_ENDPOINT is required to run construction finance 
integration tests. Set it in your shell: 
$env:AZURE_COSMOS_ENDPOINT="https://..."

    [0m [90m 17 |[39m [36mconst[39m [33mENDPOINT[39m 
[33m=[39m 
process[33m.[39menv[33m.[39m[33mAZURE_COSMOS_ENDPOINT[39m 
[33m?[39m[33m?[39m 
process[33m.[39menv[33m.[39m[33mCOSMOS_ENDPOINT[39m[33m;[39m
     [90m 18 |[39m [36mif[39m ([33m![39m[33mENDPOINT[39m) {
    [31m[1m>[22m[39m[90m 19 |[39m   [36mthrow[39m 
[36mnew[39m [33mError[39m(
     [90m    |[39m         [31m[1m^[22m[39m
     [90m 20 |[39m     [32m'AZURE_COSMOS_ENDPOINT is required to 
run construction finance integration tests. '[39m [33m+[39m
     [90m 21 |[39m     [32m'Set it in your shell: 
$env:AZURE_COSMOS_ENDPOINT="https://..."'[39m
     [90m 22 |[39m   )[33m;[39m[0m

      at Object.<anonymous> 
(src/tests/draw-request.service.test.ts:19:9)

FAIL src/tests/draw-inspection.service.test.ts
  ΓùÅ Test suite failed to run

    AZURE_COSMOS_ENDPOINT is required to run construction finance 
integration tests. Set it in your shell: 
$env:AZURE_COSMOS_ENDPOINT="https://..."

    [0m [90m 21 |[39m [36mconst[39m [33mENDPOINT[39m 
[33m=[39m 
process[33m.[39menv[33m.[39m[33mAZURE_COSMOS_ENDPOINT[39m 
[33m?[39m[33m?[39m 
process[33m.[39menv[33m.[39m[33mCOSMOS_ENDPOINT[39m[33m;[39m
     [90m 22 |[39m [36mif[39m ([33m![39m[33mENDPOINT[39m) {
    [31m[1m>[22m[39m[90m 23 |[39m   [36mthrow[39m 
[36mnew[39m [33mError[39m(
     [90m    |[39m         [31m[1m^[22m[39m
     [90m 24 |[39m     [32m'AZURE_COSMOS_ENDPOINT is required to 
run construction finance integration tests. '[39m [33m+[39m
     [90m 25 |[39m     [32m'Set it in your shell: 
$env:AZURE_COSMOS_ENDPOINT="https://..."'[39m
     [90m 26 |[39m   )[33m;[39m[0m

      at Object.<anonymous> 
(src/tests/draw-inspection.service.test.ts:23:9)

FAIL src/tests/draw-anomaly-detector.service.test.ts
  ΓùÅ Test suite failed to run

    AZURE_COSMOS_ENDPOINT is required to run draw-anomaly 
integration tests. Set it: $env:AZURE_COSMOS_ENDPOINT="https://..."

    [0m [90m 23 |[39m [36mconst[39m [33mENDPOINT[39m 
[33m=[39m 
process[33m.[39menv[[32m'AZURE_COSMOS_ENDPOINT'[39m] 
[33m?[39m[33m?[39m 
process[33m.[39menv[[32m'COSMOS_ENDPOINT'[39m][33m;[39m
     [90m 24 |[39m [36mif[39m ([33m![39m[33mENDPOINT[39m) {
    [31m[1m>[22m[39m[90m 25 |[39m   [36mthrow[39m 
[36mnew[39m [33mError[39m(
     [90m    |[39m         [31m[1m^[22m[39m
     [90m 26 |[39m     [32m'AZURE_COSMOS_ENDPOINT is required to 
run draw-anomaly integration tests. '[39m [33m+[39m
     [90m 27 |[39m     [32m'Set it: 
$env:AZURE_COSMOS_ENDPOINT="https://..."'[39m
     [90m 28 |[39m   )[33m;[39m[0m

      at Object.<anonymous> 
(src/tests/draw-anomaly-detector.service.test.ts:25:9)

FAIL src/tests/contractor.service.test.ts
  ΓùÅ Test suite failed to run

    AZURE_COSMOS_ENDPOINT is required to run construction finance 
integration tests. Set it in your shell: 
$env:AZURE_COSMOS_ENDPOINT="https://..."

    [0m [90m 15 |[39m [36mconst[39m [33mENDPOINT[39m 
[33m=[39m 
process[33m.[39menv[33m.[39m[33mAZURE_COSMOS_ENDPOINT[39m 
[33m?[39m[33m?[39m 
process[33m.[39menv[33m.[39m[33mCOSMOS_ENDPOINT[39m[33m;[39m
     [90m 16 |[39m [36mif[39m ([33m![39m[33mENDPOINT[39m) {
    [31m[1m>[22m[39m[90m 17 |[39m   [36mthrow[39m 
[36mnew[39m [33mError[39m(
     [90m    |[39m         [31m[1m^[22m[39m
     [90m 18 |[39m     [32m'AZURE_COSMOS_ENDPOINT is required to 
run construction finance integration tests. '[39m [33m+[39m
     [90m 19 |[39m     [32m'Set it in your shell: 
$env:AZURE_COSMOS_ENDPOINT="https://..."'[39m
     [90m 20 |[39m   )[33m;[39m[0m

      at Object.<anonymous> 
(src/tests/contractor.service.test.ts:17:9)

FAIL src/tests/construction-servicing-ai.service.test.ts
  ΓùÅ Test suite failed to run

    AZURE_COSMOS_ENDPOINT is required to run 
construction-servicing-ai integration tests. Set it: 
$env:AZURE_COSMOS_ENDPOINT="https://..."

    [0m [90m 31 |[39m [36mconst[39m [33mENDPOINT[39m 
[33m=[39m 
process[33m.[39menv[[32m'AZURE_COSMOS_ENDPOINT'[39m] 
[33m?[39m[33m?[39m 
process[33m.[39menv[[32m'COSMOS_ENDPOINT'[39m][33m;[39m
     [90m 32 |[39m [36mif[39m ([33m![39m[33mENDPOINT[39m) {
    [31m[1m>[22m[39m[90m 33 |[39m   [36mthrow[39m 
[36mnew[39m [33mError[39m(
     [90m    |[39m         [31m[1m^[22m[39m
     [90m 34 |[39m     [32m'AZURE_COSMOS_ENDPOINT is required to 
run construction-servicing-ai integration tests. '[39m [33m+[39m
     [90m 35 |[39m     [32m'Set it: 
$env:AZURE_COSMOS_ENDPOINT="https://..."'[39m
     [90m 36 |[39m   )[33m;[39m[0m

      at Object.<anonymous> 
(src/tests/construction-servicing-ai.service.test.ts:33:9)

FAIL src/tests/construction-risk.service.test.ts
  ΓùÅ Test suite failed to run

    AZURE_COSMOS_ENDPOINT is required to run construction risk 
integration tests. Set it in your shell: 
$env:AZURE_COSMOS_ENDPOINT="https://..."

    [0m [90m 31 |[39m [36mconst[39m [33mENDPOINT[39m 
[33m=[39m 
process[33m.[39menv[33m.[39m[33mAZURE_COSMOS_ENDPOINT[39m 
[33m?[39m[33m?[39m 
process[33m.[39menv[33m.[39m[33mCOSMOS_ENDPOINT[39m[33m;[39m
     [90m 32 |[39m [36mif[39m ([33m![39m[33mENDPOINT[39m) {
    [31m[1m>[22m[39m[90m 33 |[39m   [36mthrow[39m 
[36mnew[39m [33mError[39m(
     [90m    |[39m         [31m[1m^[22m[39m
     [90m 34 |[39m     [32m'AZURE_COSMOS_ENDPOINT is required to 
run construction risk integration tests. '[39m [33m+[39m
     [90m 35 |[39m     [32m'Set it in your shell: 
$env:AZURE_COSMOS_ENDPOINT="https://..."'[39m
     [90m 36 |[39m   )[33m;[39m[0m

      at Object.<anonymous> 
(src/tests/construction-risk.service.test.ts:33:9)

FAIL src/tests/construction-report-generator.service.test.ts
  ΓùÅ Test suite failed to run

    AZURE_COSMOS_ENDPOINT is required to run 
construction-report-generator integration tests. Set it: 
$env:AZURE_COSMOS_ENDPOINT="https://..."

    [0m [90m 30 |[39m [36mconst[39m [33mENDPOINT[39m 
[33m=[39m 
process[33m.[39menv[[32m'AZURE_COSMOS_ENDPOINT'[39m] 
[33m?[39m[33m?[39m 
process[33m.[39menv[[32m'COSMOS_ENDPOINT'[39m][33m;[39m
     [90m 31 |[39m [36mif[39m ([33m![39m[33mENDPOINT[39m) {
    [31m[1m>[22m[39m[90m 32 |[39m   [36mthrow[39m 
[36mnew[39m [33mError[39m(
     [90m    |[39m         [31m[1m^[22m[39m
     [90m 33 |[39m     [32m'AZURE_COSMOS_ENDPOINT is required to 
run construction-report-generator integration tests. '[39m 
[33m+[39m
     [90m 34 |[39m     [32m'Set it: 
$env:AZURE_COSMOS_ENDPOINT="https://..."'[39m
     [90m 35 |[39m   )[33m;[39m[0m

      at Object.<anonymous> 
(src/tests/construction-report-generator.service.test.ts:32:9)

FAIL src/tests/construction-loan.service.test.ts
  ΓùÅ Test suite failed to run

    AZURE_COSMOS_ENDPOINT is required to run construction finance 
integration tests. Set it in your shell before running jest: 
$env:AZURE_COSMOS_ENDPOINT="https://..."

    [0m [90m 16 |[39m [36mconst[39m [33mENDPOINT[39m 
[33m=[39m 
process[33m.[39menv[33m.[39m[33mAZURE_COSMOS_ENDPOINT[39m 
[33m?[39m[33m?[39m 
process[33m.[39menv[33m.[39m[33mCOSMOS_ENDPOINT[39m[33m;[39m
     [90m 17 |[39m [36mif[39m ([33m![39m[33mENDPOINT[39m) {
    [31m[1m>[22m[39m[90m 18 |[39m   [36mthrow[39m 
[36mnew[39m [33mError[39m(
     [90m    |[39m         [31m[1m^[22m[39m
     [90m 19 |[39m     [32m'AZURE_COSMOS_ENDPOINT is required to 
run construction finance integration tests. '[39m [33m+[39m
     [90m 20 |[39m     [32m'Set it in your shell before running 
jest: $env:AZURE_COSMOS_ENDPOINT="https://..."'[39m
     [90m 21 |[39m   )[33m;[39m[0m

      at Object.<anonymous> 
(src/tests/construction-loan.service.test.ts:18:9)

FAIL src/tests/construction-feasibility.service.test.ts
  ΓùÅ Test suite failed to run

    AZURE_COSMOS_ENDPOINT is required to run feasibility 
integration tests. Set it in your shell: 
$env:AZURE_COSMOS_ENDPOINT="https://..."

    [0m [90m 27 |[39m [36mconst[39m [33mENDPOINT[39m 
[33m=[39m 
process[33m.[39menv[[32m'AZURE_COSMOS_ENDPOINT'[39m] 
[33m?[39m[33m?[39m 
process[33m.[39menv[[32m'COSMOS_ENDPOINT'[39m][33m;[39m
     [90m 28 |[39m [36mif[39m ([33m![39m[33mENDPOINT[39m) {
    [31m[1m>[22m[39m[90m 29 |[39m   [36mthrow[39m 
[36mnew[39m [33mError[39m(
     [90m    |[39m         [31m[1m^[22m[39m
     [90m 30 |[39m     [32m'AZURE_COSMOS_ENDPOINT is required to 
run feasibility integration tests. '[39m [33m+[39m
     [90m 31 |[39m     [32m'Set it in your shell: 
$env:AZURE_COSMOS_ENDPOINT="https://..."'[39m
     [90m 32 |[39m   )[33m;[39m[0m

      at Object.<anonymous> 
(src/tests/construction-feasibility.service.test.ts:29:9)

FAIL src/tests/construction-cpp.service.test.ts
  ΓùÅ Test suite failed to run

    AZURE_COSMOS_ENDPOINT is required to run construction-cpp 
integration tests. Set it: $env:AZURE_COSMOS_ENDPOINT="https://..."

    [0m [90m 26 |[39m [36mconst[39m [33mENDPOINT[39m 
[33m=[39m 
process[33m.[39menv[[32m'AZURE_COSMOS_ENDPOINT'[39m] 
[33m?[39m[33m?[39m 
process[33m.[39menv[[32m'COSMOS_ENDPOINT'[39m][33m;[39m
     [90m 27 |[39m [36mif[39m ([33m![39m[33mENDPOINT[39m) {
    [31m[1m>[22m[39m[90m 28 |[39m   [36mthrow[39m 
[36mnew[39m [33mError[39m(
     [90m    |[39m         [31m[1m^[22m[39m
     [90m 29 |[39m     [32m'AZURE_COSMOS_ENDPOINT is required to 
run construction-cpp integration tests. '[39m [33m+[39m
     [90m 30 |[39m     [32m'Set it: 
$env:AZURE_COSMOS_ENDPOINT="https://..."'[39m
     [90m 31 |[39m   )[33m;[39m[0m

      at Object.<anonymous> 
(src/tests/construction-cpp.service.test.ts:28:9)

FAIL src/tests/construction-config.service.test.ts
  ΓùÅ Test suite failed to run

    AZURE_COSMOS_ENDPOINT is required to run construction finance 
integration tests. Set it in your shell before running jest: 
$env:AZURE_COSMOS_ENDPOINT="https://..."

    [0m [90m 20 |[39m [36mconst[39m [33mENDPOINT[39m 
[33m=[39m 
process[33m.[39menv[33m.[39m[33mAZURE_COSMOS_ENDPOINT[39m 
[33m?[39m[33m?[39m 
process[33m.[39menv[33m.[39m[33mCOSMOS_ENDPOINT[39m[33m;[39m
     [90m 21 |[39m [36mif[39m ([33m![39m[33mENDPOINT[39m) {
    [31m[1m>[22m[39m[90m 22 |[39m   [36mthrow[39m 
[36mnew[39m [33mError[39m(
     [90m    |[39m         [31m[1m^[22m[39m
     [90m 23 |[39m     [32m'AZURE_COSMOS_ENDPOINT is required to 
run construction finance integration tests. '[39m [33m+[39m
     [90m 24 |[39m     [32m'Set it in your shell before running 
jest: $env:AZURE_COSMOS_ENDPOINT="https://..."'[39m
     [90m 25 |[39m   )[33m;[39m[0m

      at Object.<anonymous> 
(src/tests/construction-config.service.test.ts:22:9)

FAIL src/tests/comprehensive-integration.test.ts
  ΓùÅ Test suite failed to run

    Your test suite must contain at least one test.

      at onResult (node_modules/.pnpm/@jest+core@29.7.0_ts-node@1_61
7f100ba4356ebe7e20a451d74050d9/node_modules/@jest/core/build/TestSch
eduler.js:133:18)
      at node_modules/.pnpm/@jest+core@29.7.0_ts-node@1_617f100ba435
6ebe7e20a451d74050d9/node_modules/@jest/core/build/TestScheduler.js:
254:19
      at node_modules/.pnpm/emittery@0.13.1/node_modules/emittery/in
dex.js:363:13
          at Array.map (<anonymous>)
      at Emittery.emit (node_modules/.pnpm/emittery@0.13.1/node_modu
les/emittery/index.js:361:23)

FAIL src/tests/completion-forecaster.service.test.ts
  ΓùÅ Test suite failed to run

    AZURE_COSMOS_ENDPOINT is required to run completion-forecaster 
integration tests. Set it: $env:AZURE_COSMOS_ENDPOINT="https://..."

    [0m [90m 23 |[39m [36mconst[39m [33mENDPOINT[39m 
[33m=[39m 
process[33m.[39menv[[32m'AZURE_COSMOS_ENDPOINT'[39m] 
[33m?[39m[33m?[39m 
process[33m.[39menv[[32m'COSMOS_ENDPOINT'[39m][33m;[39m
     [90m 24 |[39m [36mif[39m ([33m![39m[33mENDPOINT[39m) {
    [31m[1m>[22m[39m[90m 25 |[39m   [36mthrow[39m 
[36mnew[39m [33mError[39m(
     [90m    |[39m         [31m[1m^[22m[39m
     [90m 26 |[39m     [32m'AZURE_COSMOS_ENDPOINT is required to 
run completion-forecaster integration tests. '[39m [33m+[39m
     [90m 27 |[39m     [32m'Set it: 
$env:AZURE_COSMOS_ENDPOINT="https://..."'[39m
     [90m 28 |[39m   )[33m;[39m[0m

      at Object.<anonymous> 
(src/tests/completion-forecaster.service.test.ts:25:9)

FAIL src/tests/collaboration.service.test.ts
  ΓùÅ Test suite failed to run

    Configuration error:

    Could not locate module ../../services/collaboration.service.js 
mapped as:
    $1.

    Please check your configuration for these entries:
    {
      "moduleNameMapper": {
        "/^(\.{1,2}\/.*)\.js$/": "$1"
      },
      "resolver": undefined
    }

    [0m [90m 47 |[39m [90m// ΓöÇΓöÇΓöÇ Import AFTER mocks ΓöÇΓöÇ
ΓöÇΓöÇΓöÇΓöÇΓöÇΓöÇΓöÇΓöÇΓöÇΓöÇΓöÇΓöÇΓöÇΓöÇΓöÇΓöÇΓöÇΓöÇΓöÇΓöÇΓöÇΓöÇΓö
ÇΓöÇΓöÇΓöÇΓöÇΓöÇΓöÇΓöÇΓöÇΓöÇΓöÇΓöÇΓöÇΓöÇΓöÇΓöÇΓöÇΓöÇΓöÇΓöÇΓöÇΓöÇΓöÇΓ
öÇΓöÇΓöÇΓöÇΓöÇΓöÇΓöÇΓöÇΓöÇ[39m
     [90m 48 |[39m
    [31m[1m>[22m[39m[90m 49 |[39m [36mimport[39m { 
[33mCollaborationService[39m } [36mfrom[39m 
[32m'../../services/collaboration.service.js'[39m[33m;[39m
     [90m    |[39m [31m[1m^[22m[39m
     [90m 50 |[39m
     [90m 51 |[39m [90m// ΓöÇΓöÇΓöÇ Helpers ΓöÇΓöÇΓöÇΓöÇΓöÇΓöÇΓöÇ
ΓöÇΓöÇΓöÇΓöÇΓöÇΓöÇΓöÇΓöÇΓöÇΓöÇΓöÇΓöÇΓöÇΓöÇΓöÇΓöÇΓöÇΓöÇΓöÇΓöÇΓöÇΓöÇΓö
ÇΓöÇΓöÇΓöÇΓöÇΓöÇΓöÇΓöÇΓöÇΓöÇΓöÇΓöÇΓöÇΓöÇΓöÇΓöÇΓöÇΓöÇΓöÇΓöÇΓöÇΓöÇΓöÇΓ
öÇΓöÇΓöÇΓöÇΓöÇΓöÇΓöÇΓöÇΓöÇΓöÇΓöÇΓöÇΓöÇΓöÇ[39m
     [90m 52 |[39m[0m

      at createNoMappedModuleFoundError (node_modules/.pnpm/jest-res
olve@29.7.0/node_modules/jest-resolve/build/resolver.js:759:17)
      at Object.<anonymous> 
(src/tests/collaboration.service.test.ts:49:1)

FAIL src/tests/change-order.service.test.ts
  ΓùÅ Test suite failed to run

    AZURE_COSMOS_ENDPOINT is required to run construction finance 
integration tests. Set it in your shell: 
$env:AZURE_COSMOS_ENDPOINT="https://..."

    [0m [90m 24 |[39m [36mconst[39m [33mENDPOINT[39m 
[33m=[39m 
process[33m.[39menv[33m.[39m[33mAZURE_COSMOS_ENDPOINT[39m 
[33m?[39m[33m?[39m 
process[33m.[39menv[33m.[39m[33mCOSMOS_ENDPOINT[39m[33m;[39m
     [90m 25 |[39m [36mif[39m ([33m![39m[33mENDPOINT[39m) {
    [31m[1m>[22m[39m[90m 26 |[39m   [36mthrow[39m 
[36mnew[39m [33mError[39m(
     [90m    |[39m         [31m[1m^[22m[39m
     [90m 27 |[39m     [32m'AZURE_COSMOS_ENDPOINT is required to 
run construction finance integration tests. '[39m [33m+[39m
     [90m 28 |[39m     [32m'Set it in your shell: 
$env:AZURE_COSMOS_ENDPOINT="https://..."'[39m
     [90m 29 |[39m   )[33m;[39m[0m

      at Object.<anonymous> 
(src/tests/change-order.service.test.ts:26:9)

FAIL src/tests/census-intelligence.test.ts
  ΓùÅ Test suite failed to run

    Your test suite must contain at least one test.

      at onResult (node_modules/.pnpm/@jest+core@29.7.0_ts-node@1_61
7f100ba4356ebe7e20a451d74050d9/node_modules/@jest/core/build/TestSch
eduler.js:133:18)
      at node_modules/.pnpm/@jest+core@29.7.0_ts-node@1_617f100ba435
6ebe7e20a451d74050d9/node_modules/@jest/core/build/TestScheduler.js:
254:19
      at node_modules/.pnpm/emittery@0.13.1/node_modules/emittery/in
dex.js:363:13
          at Array.map (<anonymous>)
      at Emittery.emit (node_modules/.pnpm/emittery@0.13.1/node_modu
les/emittery/index.js:361:23)

FAIL src/tests/azure-entra-auth.test.ts
  ΓùÅ Test suite failed to run

    Your test suite must contain at least one test.

      at onResult (node_modules/.pnpm/@jest+core@29.7.0_ts-node@1_61
7f100ba4356ebe7e20a451d74050d9/node_modules/@jest/core/build/TestSch
eduler.js:133:18)
      at node_modules/.pnpm/@jest+core@29.7.0_ts-node@1_617f100ba435
6ebe7e20a451d74050d9/node_modules/@jest/core/build/TestScheduler.js:
254:19
      at node_modules/.pnpm/emittery@0.13.1/node_modules/emittery/in
dex.js:363:13
          at Array.map (<anonymous>)
      at Emittery.emit (node_modules/.pnpm/emittery@0.13.1/node_modu
les/emittery/index.js:361:23)

FAIL src/tests/api-integration.test.ts
  ΓùÅ Test suite failed to run

    Cosmos DB endpoint is required. Set COSMOS_ENDPOINT (or 
AZURE_COSMOS_ENDPOINT) to your production CosmosDB endpoint.

    [0m [90m 120 |[39m     
     [90m 121 |[39m     [36mif[39m 
([33m![39m[36mthis[39m[33m.[39mendpoint) {
    [31m[1m>[22m[39m[90m 122 |[39m       [36mthrow[39m 
[36mnew[39m [33mError[39m(
     [90m     |[39m             [31m[1m^[22m[39m
     [90m 123 |[39m         [32m'Cosmos DB endpoint is required. 
'[39m [33m+[39m
     [90m 124 |[39m         [32m'Set COSMOS_ENDPOINT (or 
AZURE_COSMOS_ENDPOINT) to your production CosmosDB endpoint.'[39m
     [90m 125 |[39m       )[33m;[39m[0m

      at new CosmosDbService 
(src/services/cosmos-db.service.ts:122:13)
      at new QCChecklistManagementService 
(src/services/qc-checklist-management.service.ts:50:35)
      at new QCChecklistController 
(src/controllers/criteria.controller.ts:37:22)
      at Object.<anonymous> 
(src/controllers/criteria.controller.ts:912:34)
      at Object.<anonymous> (src/api/api-server.ts:34:1)
      at Object.<anonymous> (src/tests/api-integration.test.ts:7:1)

Summary of all failing tests
FAIL src/tests/collaboration.controller.test.ts (5.095 s)
  ΓùÅ GET /api/collaboration/fluid-token ΓÇ║ returns 500 when 
generateToken throws

    expect(received).toBe(expected) // Object.is equality

    Expected: 500
    Received: 503

    [0m [90m 216 |[39m       [33m.[39mquery({ 
containerId[33m:[39m [32m'order-1'[39m })[33m;[39m
     [90m 217 |[39m
    [31m[1m>[22m[39m[90m 218 |[39m     expect(res[33m.[39mst
atus)[33m.[39mtoBe([35m500[39m)[33m;[39m
     [90m     |[39m                        [31m[1m^[22m[39m
     [90m 219 |[39m     expect(res[33m.[39mbody[33m.[39merror
[33m.[39mcode)[33m.[39mtoBe([32m'TOKEN_GENERATION_FAILED'[39m)
[33m;[39m
     [90m 220 |[39m   })[33m;[39m
     [90m 221 |[39m[0m

      at Object.<anonymous> 
(src/tests/collaboration.controller.test.ts:218:24)

FAIL src/tests/dynamic-code-execution.service.test.ts
  ΓùÅ DynamicCodeExecutionService ΓÇ║ Context Access ΓÇ║ should 
access timestamp

    expect(received).toBe(expected) // Object.is equality

    Expected: 2024
    Received: 2023

    [0m [90m 111 |[39m       
     [90m 112 |[39m       expect(result[33m.[39msuccess)[33m.[
39mtoBe([36mtrue[39m)[33m;[39m
    [31m[1m>[22m[39m[90m 113 |[39m       expect(result[33m.[
39mresult)[33m.[39mtoBe([35m2024[39m)[33m;[39m
     [90m     |[39m                             
[31m[1m^[22m[39m
     [90m 114 |[39m     })[33m;[39m
     [90m 115 |[39m
     [90m 116 |[39m     test([32m'should access utility 
functions'[39m[33m,[39m [36masync[39m () [33m=>[39m {[0m

      at Object.<anonymous> 
(src/tests/dynamic-code-execution.service.test.ts:113:29)

  ΓùÅ DynamicCodeExecutionService ΓÇ║ Context Access ΓÇ║ should 
access utility functions

    expect(received).toBe(expected) // Object.is equality

    Expected: true
    Received: false

    [0m [90m 122 |[39m       
     [90m 123 |[39m       expect(result[33m.[39msuccess)[33m.[
39mtoBe([36mtrue[39m)[33m;[39m
    [31m[1m>[22m[39m[90m 124 |[39m       expect(result[33m.[
39mresult)[33m.[39mtoBe([36mtrue[39m)[33m;[39m
     [90m     |[39m                             
[31m[1m^[22m[39m
     [90m 125 |[39m     })[33m;[39m
     [90m 126 |[39m   })[33m;[39m
     [90m 127 |[39m[0m

      at Object.<anonymous> 
(src/tests/dynamic-code-execution.service.test.ts:124:29)

  ΓùÅ DynamicCodeExecutionService ΓÇ║ Security Features ΓÇ║ should 
block eval function

    expect(received).toBe(expected) // Object.is equality

    Expected: false
    Received: true

    [0m [90m 295 |[39m       [36mconst[39m result [33m=[39m 
[36mawait[39m service[33m.[39mexecuteCode(code[33m,[39m 
defaultContext)[33m;[39m
     [90m 296 |[39m       
    [31m[1m>[22m[39m[90m 297 |[39m       expect(result[33m.[
39msuccess)[33m.[39mtoBe([36mfalse[39m)[33m;[39m
     [90m     |[39m                              
[31m[1m^[22m[39m
     [90m 298 |[39m       
expect(result[33m.[39merror)[33m.[39mtoBeDefined()[33m;[39m
     [90m 299 |[39m     })[33m;[39m
     [90m 300 |[39m[0m

      at Object.<anonymous> 
(src/tests/dynamic-code-execution.service.test.ts:297:30)

  ΓùÅ DynamicCodeExecutionService ΓÇ║ Security Features ΓÇ║ should 
block constructor access to restricted objects

    expect(received).toBe(expected) // Object.is equality

    Expected: false
    Received: true

    [0m [90m 303 |[39m       [36mconst[39m result [33m=[39m 
[36mawait[39m service[33m.[39mexecuteCode(code[33m,[39m 
defaultContext)[33m;[39m
     [90m 304 |[39m       
    [31m[1m>[22m[39m[90m 305 |[39m       expect(result[33m.[
39msuccess)[33m.[39mtoBe([36mfalse[39m)[33m;[39m
     [90m     |[39m                              
[31m[1m^[22m[39m
     [90m 306 |[39m       
expect(result[33m.[39merror)[33m.[39mtoBeDefined()[33m;[39m
     [90m 307 |[39m     })[33m;[39m
     [90m 308 |[39m   })[33m;[39m[0m

      at Object.<anonymous> 
(src/tests/dynamic-code-execution.service.test.ts:305:30)

FAIL src/tests/cosmos-db-integration.test.ts
  ΓùÅ Cosmos DB Integration Tests ΓÇ║ Database Health and 
Connection ΓÇ║ should connect to Cosmos DB successfully

    Cosmos DB endpoint is required. Set COSMOS_ENDPOINT (or 
AZURE_COSMOS_ENDPOINT) to your production CosmosDB endpoint.

    [0m [90m 120 |[39m     
     [90m 121 |[39m     [36mif[39m 
([33m![39m[36mthis[39m[33m.[39mendpoint) {
    [31m[1m>[22m[39m[90m 122 |[39m       [36mthrow[39m 
[36mnew[39m [33mError[39m(
     [90m     |[39m             [31m[1m^[22m[39m
     [90m 123 |[39m         [32m'Cosmos DB endpoint is required. 
'[39m [33m+[39m
     [90m 124 |[39m         [32m'Set COSMOS_ENDPOINT (or 
AZURE_COSMOS_ENDPOINT) to your production CosmosDB endpoint.'[39m
     [90m 125 |[39m       )[33m;[39m[0m

      at new CosmosDbService 
(src/services/cosmos-db.service.ts:122:13)
      at Object.<anonymous> 
(src/tests/cosmos-db-integration.test.ts:16:17)

  ΓùÅ Cosmos DB Integration Tests ΓÇ║ Database Health and 
Connection ΓÇ║ should pass health check

    Cosmos DB endpoint is required. Set COSMOS_ENDPOINT (or 
AZURE_COSMOS_ENDPOINT) to your production CosmosDB endpoint.

    [0m [90m 120 |[39m     
     [90m 121 |[39m     [36mif[39m 
([33m![39m[36mthis[39m[33m.[39mendpoint) {
    [31m[1m>[22m[39m[90m 122 |[39m       [36mthrow[39m 
[36mnew[39m [33mError[39m(
     [90m     |[39m             [31m[1m^[22m[39m
     [90m 123 |[39m         [32m'Cosmos DB endpoint is required. 
'[39m [33m+[39m
     [90m 124 |[39m         [32m'Set COSMOS_ENDPOINT (or 
AZURE_COSMOS_ENDPOINT) to your production CosmosDB endpoint.'[39m
     [90m 125 |[39m       )[33m;[39m[0m

      at new CosmosDbService 
(src/services/cosmos-db.service.ts:122:13)
      at Object.<anonymous> 
(src/tests/cosmos-db-integration.test.ts:16:17)

  ΓùÅ Cosmos DB Integration Tests ΓÇ║ Order Operations ΓÇ║ should 
create an order successfully

    Cosmos DB endpoint is required. Set COSMOS_ENDPOINT (or 
AZURE_COSMOS_ENDPOINT) to your production CosmosDB endpoint.

    [0m [90m 120 |[39m     
     [90m 121 |[39m     [36mif[39m 
([33m![39m[36mthis[39m[33m.[39mendpoint) {
    [31m[1m>[22m[39m[90m 122 |[39m       [36mthrow[39m 
[36mnew[39m [33mError[39m(
     [90m     |[39m             [31m[1m^[22m[39m
     [90m 123 |[39m         [32m'Cosmos DB endpoint is required. 
'[39m [33m+[39m
     [90m 124 |[39m         [32m'Set COSMOS_ENDPOINT (or 
AZURE_COSMOS_ENDPOINT) to your production CosmosDB endpoint.'[39m
     [90m 125 |[39m       )[33m;[39m[0m

      at new CosmosDbService 
(src/services/cosmos-db.service.ts:122:13)
      at Object.<anonymous> 
(src/tests/cosmos-db-integration.test.ts:16:17)

  ΓùÅ Cosmos DB Integration Tests ΓÇ║ Order Operations ΓÇ║ should 
retrieve order by ID

    Cosmos DB endpoint is required. Set COSMOS_ENDPOINT (or 
AZURE_COSMOS_ENDPOINT) to your production CosmosDB endpoint.

    [0m [90m 120 |[39m     
     [90m 121 |[39m     [36mif[39m 
([33m![39m[36mthis[39m[33m.[39mendpoint) {
    [31m[1m>[22m[39m[90m 122 |[39m       [36mthrow[39m 
[36mnew[39m [33mError[39m(
     [90m     |[39m             [31m[1m^[22m[39m
     [90m 123 |[39m         [32m'Cosmos DB endpoint is required. 
'[39m [33m+[39m
     [90m 124 |[39m         [32m'Set COSMOS_ENDPOINT (or 
AZURE_COSMOS_ENDPOINT) to your production CosmosDB endpoint.'[39m
     [90m 125 |[39m       )[33m;[39m[0m

      at new CosmosDbService 
(src/services/cosmos-db.service.ts:122:13)
      at Object.<anonymous> 
(src/tests/cosmos-db-integration.test.ts:16:17)

  ΓùÅ Cosmos DB Integration Tests ΓÇ║ Order Operations ΓÇ║ should 
update order status

    Cosmos DB endpoint is required. Set COSMOS_ENDPOINT (or 
AZURE_COSMOS_ENDPOINT) to your production CosmosDB endpoint.

    [0m [90m 120 |[39m     
     [90m 121 |[39m     [36mif[39m 
([33m![39m[36mthis[39m[33m.[39mendpoint) {
    [31m[1m>[22m[39m[90m 122 |[39m       [36mthrow[39m 
[36mnew[39m [33mError[39m(
     [90m     |[39m             [31m[1m^[22m[39m
     [90m 123 |[39m         [32m'Cosmos DB endpoint is required. 
'[39m [33m+[39m
     [90m 124 |[39m         [32m'Set COSMOS_ENDPOINT (or 
AZURE_COSMOS_ENDPOINT) to your production CosmosDB endpoint.'[39m
     [90m 125 |[39m       )[33m;[39m[0m

      at new CosmosDbService 
(src/services/cosmos-db.service.ts:122:13)
      at Object.<anonymous> 
(src/tests/cosmos-db-integration.test.ts:16:17)

  ΓùÅ Cosmos DB Integration Tests ΓÇ║ Order Operations ΓÇ║ should 
search orders with filters

    Cosmos DB endpoint is required. Set COSMOS_ENDPOINT (or 
AZURE_COSMOS_ENDPOINT) to your production CosmosDB endpoint.

    [0m [90m 120 |[39m     
     [90m 121 |[39m     [36mif[39m 
([33m![39m[36mthis[39m[33m.[39mendpoint) {
    [31m[1m>[22m[39m[90m 122 |[39m       [36mthrow[39m 
[36mnew[39m [33mError[39m(
     [90m     |[39m             [31m[1m^[22m[39m
     [90m 123 |[39m         [32m'Cosmos DB endpoint is required. 
'[39m [33m+[39m
     [90m 124 |[39m         [32m'Set COSMOS_ENDPOINT (or 
AZURE_COSMOS_ENDPOINT) to your production CosmosDB endpoint.'[39m
     [90m 125 |[39m       )[33m;[39m[0m

      at new CosmosDbService 
(src/services/cosmos-db.service.ts:122:13)
      at Object.<anonymous> 
(src/tests/cosmos-db-integration.test.ts:16:17)

  ΓùÅ Cosmos DB Integration Tests ΓÇ║ Vendor Operations ΓÇ║ should 
create a vendor successfully

    Cosmos DB endpoint is required. Set COSMOS_ENDPOINT (or 
AZURE_COSMOS_ENDPOINT) to your production CosmosDB endpoint.

    [0m [90m 120 |[39m     
     [90m 121 |[39m     [36mif[39m 
([33m![39m[36mthis[39m[33m.[39mendpoint) {
    [31m[1m>[22m[39m[90m 122 |[39m       [36mthrow[39m 
[36mnew[39m [33mError[39m(
     [90m     |[39m             [31m[1m^[22m[39m
     [90m 123 |[39m         [32m'Cosmos DB endpoint is required. 
'[39m [33m+[39m
     [90m 124 |[39m         [32m'Set COSMOS_ENDPOINT (or 
AZURE_COSMOS_ENDPOINT) to your production CosmosDB endpoint.'[39m
     [90m 125 |[39m       )[33m;[39m[0m

      at new CosmosDbService 
(src/services/cosmos-db.service.ts:122:13)
      at Object.<anonymous> 
(src/tests/cosmos-db-integration.test.ts:16:17)

  ΓùÅ Cosmos DB Integration Tests ΓÇ║ Vendor Operations ΓÇ║ should 
retrieve vendor by ID

    Cosmos DB endpoint is required. Set COSMOS_ENDPOINT (or 
AZURE_COSMOS_ENDPOINT) to your production CosmosDB endpoint.

    [0m [90m 120 |[39m     
     [90m 121 |[39m     [36mif[39m 
([33m![39m[36mthis[39m[33m.[39mendpoint) {
    [31m[1m>[22m[39m[90m 122 |[39m       [36mthrow[39m 
[36mnew[39m [33mError[39m(
     [90m     |[39m             [31m[1m^[22m[39m
     [90m 123 |[39m         [32m'Cosmos DB endpoint is required. 
'[39m [33m+[39m
     [90m 124 |[39m         [32m'Set COSMOS_ENDPOINT (or 
AZURE_COSMOS_ENDPOINT) to your production CosmosDB endpoint.'[39m
     [90m 125 |[39m       )[33m;[39m[0m

      at new CosmosDbService 
(src/services/cosmos-db.service.ts:122:13)
      at Object.<anonymous> 
(src/tests/cosmos-db-integration.test.ts:16:17)

  ΓùÅ Cosmos DB Integration Tests ΓÇ║ Vendor Operations ΓÇ║ should 
update vendor information

    Cosmos DB endpoint is required. Set COSMOS_ENDPOINT (or 
AZURE_COSMOS_ENDPOINT) to your production CosmosDB endpoint.

    [0m [90m 120 |[39m     
     [90m 121 |[39m     [36mif[39m 
([33m![39m[36mthis[39m[33m.[39mendpoint) {
    [31m[1m>[22m[39m[90m 122 |[39m       [36mthrow[39m 
[36mnew[39m [33mError[39m(
     [90m     |[39m             [31m[1m^[22m[39m
     [90m 123 |[39m         [32m'Cosmos DB endpoint is required. 
'[39m [33m+[39m
     [90m 124 |[39m         [32m'Set COSMOS_ENDPOINT (or 
AZURE_COSMOS_ENDPOINT) to your production CosmosDB endpoint.'[39m
     [90m 125 |[39m       )[33m;[39m[0m

      at new CosmosDbService 
(src/services/cosmos-db.service.ts:122:13)
      at Object.<anonymous> 
(src/tests/cosmos-db-integration.test.ts:16:17)

  ΓùÅ Cosmos DB Integration Tests ΓÇ║ Vendor Operations ΓÇ║ should 
retrieve all vendors

    Cosmos DB endpoint is required. Set COSMOS_ENDPOINT (or 
AZURE_COSMOS_ENDPOINT) to your production CosmosDB endpoint.

    [0m [90m 120 |[39m     
     [90m 121 |[39m     [36mif[39m 
([33m![39m[36mthis[39m[33m.[39mendpoint) {
    [31m[1m>[22m[39m[90m 122 |[39m       [36mthrow[39m 
[36mnew[39m [33mError[39m(
     [90m     |[39m             [31m[1m^[22m[39m
     [90m 123 |[39m         [32m'Cosmos DB endpoint is required. 
'[39m [33m+[39m
     [90m 124 |[39m         [32m'Set COSMOS_ENDPOINT (or 
AZURE_COSMOS_ENDPOINT) to your production CosmosDB endpoint.'[39m
     [90m 125 |[39m       )[33m;[39m[0m

      at new CosmosDbService 
(src/services/cosmos-db.service.ts:122:13)
      at Object.<anonymous> 
(src/tests/cosmos-db-integration.test.ts:16:17)

  ΓùÅ Cosmos DB Integration Tests ΓÇ║ Vendor Operations ΓÇ║ should 
get vendor performance metrics

    Cosmos DB endpoint is required. Set COSMOS_ENDPOINT (or 
AZURE_COSMOS_ENDPOINT) to your production CosmosDB endpoint.

    [0m [90m 120 |[39m     
     [90m 121 |[39m     [36mif[39m 
([33m![39m[36mthis[39m[33m.[39mendpoint) {
    [31m[1m>[22m[39m[90m 122 |[39m       [36mthrow[39m 
[36mnew[39m [33mError[39m(
     [90m     |[39m             [31m[1m^[22m[39m
     [90m 123 |[39m         [32m'Cosmos DB endpoint is required. 
'[39m [33m+[39m
     [90m 124 |[39m         [32m'Set COSMOS_ENDPOINT (or 
AZURE_COSMOS_ENDPOINT) to your production CosmosDB endpoint.'[39m
     [90m 125 |[39m       )[33m;[39m[0m

      at new CosmosDbService 
(src/services/cosmos-db.service.ts:122:13)
      at Object.<anonymous> 
(src/tests/cosmos-db-integration.test.ts:16:17)

  ΓùÅ Cosmos DB Integration Tests ΓÇ║ QC Results Operations ΓÇ║ 
should create QC result

    Cosmos DB endpoint is required. Set COSMOS_ENDPOINT (or 
AZURE_COSMOS_ENDPOINT) to your production CosmosDB endpoint.

    [0m [90m 120 |[39m     
     [90m 121 |[39m     [36mif[39m 
([33m![39m[36mthis[39m[33m.[39mendpoint) {
    [31m[1m>[22m[39m[90m 122 |[39m       [36mthrow[39m 
[36mnew[39m [33mError[39m(
     [90m     |[39m             [31m[1m^[22m[39m
     [90m 123 |[39m         [32m'Cosmos DB endpoint is required. 
'[39m [33m+[39m
     [90m 124 |[39m         [32m'Set COSMOS_ENDPOINT (or 
AZURE_COSMOS_ENDPOINT) to your production CosmosDB endpoint.'[39m
     [90m 125 |[39m       )[33m;[39m[0m

      at new CosmosDbService 
(src/services/cosmos-db.service.ts:122:13)
      at Object.<anonymous> 
(src/tests/cosmos-db-integration.test.ts:16:17)

  ΓùÅ Cosmos DB Integration Tests ΓÇ║ QC Results Operations ΓÇ║ 
should retrieve QC result by order ID

    Cosmos DB endpoint is required. Set COSMOS_ENDPOINT (or 
AZURE_COSMOS_ENDPOINT) to your production CosmosDB endpoint.

    [0m [90m 120 |[39m     
     [90m 121 |[39m     [36mif[39m 
([33m![39m[36mthis[39m[33m.[39mendpoint) {
    [31m[1m>[22m[39m[90m 122 |[39m       [36mthrow[39m 
[36mnew[39m [33mError[39m(
     [90m     |[39m             [31m[1m^[22m[39m
     [90m 123 |[39m         [32m'Cosmos DB endpoint is required. 
'[39m [33m+[39m
     [90m 124 |[39m         [32m'Set COSMOS_ENDPOINT (or 
AZURE_COSMOS_ENDPOINT) to your production CosmosDB endpoint.'[39m
     [90m 125 |[39m       )[33m;[39m[0m

      at new CosmosDbService 
(src/services/cosmos-db.service.ts:122:13)
      at Object.<anonymous> 
(src/tests/cosmos-db-integration.test.ts:16:17)

  ΓùÅ Cosmos DB Integration Tests ΓÇ║ QC Results Operations ΓÇ║ 
should get QC metrics

    Cosmos DB endpoint is required. Set COSMOS_ENDPOINT (or 
AZURE_COSMOS_ENDPOINT) to your production CosmosDB endpoint.

    [0m [90m 120 |[39m     
     [90m 121 |[39m     [36mif[39m 
([33m![39m[36mthis[39m[33m.[39mendpoint) {
    [31m[1m>[22m[39m[90m 122 |[39m       [36mthrow[39m 
[36mnew[39m [33mError[39m(
     [90m     |[39m             [31m[1m^[22m[39m
     [90m 123 |[39m         [32m'Cosmos DB endpoint is required. 
'[39m [33m+[39m
     [90m 124 |[39m         [32m'Set COSMOS_ENDPOINT (or 
AZURE_COSMOS_ENDPOINT) to your production CosmosDB endpoint.'[39m
     [90m 125 |[39m       )[33m;[39m[0m

      at new CosmosDbService 
(src/services/cosmos-db.service.ts:122:13)
      at Object.<anonymous> 
(src/tests/cosmos-db-integration.test.ts:16:17)

  ΓùÅ Cosmos DB Integration Tests ΓÇ║ Analytics Operations ΓÇ║ 
should get analytics overview

    Cosmos DB endpoint is required. Set COSMOS_ENDPOINT (or 
AZURE_COSMOS_ENDPOINT) to your production CosmosDB endpoint.

    [0m [90m 120 |[39m     
     [90m 121 |[39m     [36mif[39m 
([33m![39m[36mthis[39m[33m.[39mendpoint) {
    [31m[1m>[22m[39m[90m 122 |[39m       [36mthrow[39m 
[36mnew[39m [33mError[39m(
     [90m     |[39m             [31m[1m^[22m[39m
     [90m 123 |[39m         [32m'Cosmos DB endpoint is required. 
'[39m [33m+[39m
     [90m 124 |[39m         [32m'Set COSMOS_ENDPOINT (or 
AZURE_COSMOS_ENDPOINT) to your production CosmosDB endpoint.'[39m
     [90m 125 |[39m       )[33m;[39m[0m

      at new CosmosDbService 
(src/services/cosmos-db.service.ts:122:13)
      at Object.<anonymous> 
(src/tests/cosmos-db-integration.test.ts:16:17)

  ΓùÅ Cosmos DB Integration Tests ΓÇ║ Analytics Operations ΓÇ║ 
should get performance analytics

    Cosmos DB endpoint is required. Set COSMOS_ENDPOINT (or 
AZURE_COSMOS_ENDPOINT) to your production CosmosDB endpoint.

    [0m [90m 120 |[39m     
     [90m 121 |[39m     [36mif[39m 
([33m![39m[36mthis[39m[33m.[39mendpoint) {
    [31m[1m>[22m[39m[90m 122 |[39m       [36mthrow[39m 
[36mnew[39m [33mError[39m(
     [90m     |[39m             [31m[1m^[22m[39m
     [90m 123 |[39m         [32m'Cosmos DB endpoint is required. 
'[39m [33m+[39m
     [90m 124 |[39m         [32m'Set COSMOS_ENDPOINT (or 
AZURE_COSMOS_ENDPOINT) to your production CosmosDB endpoint.'[39m
     [90m 125 |[39m       )[33m;[39m[0m

      at new CosmosDbService 
(src/services/cosmos-db.service.ts:122:13)
      at Object.<anonymous> 
(src/tests/cosmos-db-integration.test.ts:16:17)

  ΓùÅ Cosmos DB Integration Tests ΓÇ║ Property Operations ΓÇ║ 
should create property summary

    Cosmos DB endpoint is required. Set COSMOS_ENDPOINT (or 
AZURE_COSMOS_ENDPOINT) to your production CosmosDB endpoint.

    [0m [90m 120 |[39m     
     [90m 121 |[39m     [36mif[39m 
([33m![39m[36mthis[39m[33m.[39mendpoint) {
    [31m[1m>[22m[39m[90m 122 |[39m       [36mthrow[39m 
[36mnew[39m [33mError[39m(
     [90m     |[39m             [31m[1m^[22m[39m
     [90m 123 |[39m         [32m'Cosmos DB endpoint is required. 
'[39m [33m+[39m
     [90m 124 |[39m         [32m'Set COSMOS_ENDPOINT (or 
AZURE_COSMOS_ENDPOINT) to your production CosmosDB endpoint.'[39m
     [90m 125 |[39m       )[33m;[39m[0m

      at new CosmosDbService 
(src/services/cosmos-db.service.ts:122:13)
      at Object.<anonymous> 
(src/tests/cosmos-db-integration.test.ts:16:17)

  ΓùÅ Cosmos DB Integration Tests ΓÇ║ Property Operations ΓÇ║ 
should search property summaries

    Cosmos DB endpoint is required. Set COSMOS_ENDPOINT (or 
AZURE_COSMOS_ENDPOINT) to your production CosmosDB endpoint.

    [0m [90m 120 |[39m     
     [90m 121 |[39m     [36mif[39m 
([33m![39m[36mthis[39m[33m.[39mendpoint) {
    [31m[1m>[22m[39m[90m 122 |[39m       [36mthrow[39m 
[36mnew[39m [33mError[39m(
     [90m     |[39m             [31m[1m^[22m[39m
     [90m 123 |[39m         [32m'Cosmos DB endpoint is required. 
'[39m [33m+[39m
     [90m 124 |[39m         [32m'Set COSMOS_ENDPOINT (or 
AZURE_COSMOS_ENDPOINT) to your production CosmosDB endpoint.'[39m
     [90m 125 |[39m       )[33m;[39m[0m

      at new CosmosDbService 
(src/services/cosmos-db.service.ts:122:13)
      at Object.<anonymous> 
(src/tests/cosmos-db-integration.test.ts:16:17)

  ΓùÅ Cosmos DB Integration Tests ΓÇ║ Error Handling ΓÇ║ should 
handle non-existent order gracefully

    Cosmos DB endpoint is required. Set COSMOS_ENDPOINT (or 
AZURE_COSMOS_ENDPOINT) to your production CosmosDB endpoint.

    [0m [90m 120 |[39m     
     [90m 121 |[39m     [36mif[39m 
([33m![39m[36mthis[39m[33m.[39mendpoint) {
    [31m[1m>[22m[39m[90m 122 |[39m       [36mthrow[39m 
[36mnew[39m [33mError[39m(
     [90m     |[39m             [31m[1m^[22m[39m
     [90m 123 |[39m         [32m'Cosmos DB endpoint is required. 
'[39m [33m+[39m
     [90m 124 |[39m         [32m'Set COSMOS_ENDPOINT (or 
AZURE_COSMOS_ENDPOINT) to your production CosmosDB endpoint.'[39m
     [90m 125 |[39m       )[33m;[39m[0m

      at new CosmosDbService 
(src/services/cosmos-db.service.ts:122:13)
      at Object.<anonymous> 
(src/tests/cosmos-db-integration.test.ts:16:17)

  ΓùÅ Cosmos DB Integration Tests ΓÇ║ Error Handling ΓÇ║ should 
handle non-existent vendor gracefully

    Cosmos DB endpoint is required. Set COSMOS_ENDPOINT (or 
AZURE_COSMOS_ENDPOINT) to your production CosmosDB endpoint.

    [0m [90m 120 |[39m     
     [90m 121 |[39m     [36mif[39m 
([33m![39m[36mthis[39m[33m.[39mendpoint) {
    [31m[1m>[22m[39m[90m 122 |[39m       [36mthrow[39m 
[36mnew[39m [33mError[39m(
     [90m     |[39m             [31m[1m^[22m[39m
     [90m 123 |[39m         [32m'Cosmos DB endpoint is required. 
'[39m [33m+[39m
     [90m 124 |[39m         [32m'Set COSMOS_ENDPOINT (or 
AZURE_COSMOS_ENDPOINT) to your production CosmosDB endpoint.'[39m
     [90m 125 |[39m       )[33m;[39m[0m

      at new CosmosDbService 
(src/services/cosmos-db.service.ts:122:13)
      at Object.<anonymous> 
(src/tests/cosmos-db-integration.test.ts:16:17)

FAIL src/tests/draw-request.service.test.ts
  ΓùÅ Test suite failed to run

    AZURE_COSMOS_ENDPOINT is required to run construction finance 
integration tests. Set it in your shell: 
$env:AZURE_COSMOS_ENDPOINT="https://..."

    [0m [90m 17 |[39m [36mconst[39m [33mENDPOINT[39m 
[33m=[39m 
process[33m.[39menv[33m.[39m[33mAZURE_COSMOS_ENDPOINT[39m 
[33m?[39m[33m?[39m 
process[33m.[39menv[33m.[39m[33mCOSMOS_ENDPOINT[39m[33m;[39m
     [90m 18 |[39m [36mif[39m ([33m![39m[33mENDPOINT[39m) {
    [31m[1m>[22m[39m[90m 19 |[39m   [36mthrow[39m 
[36mnew[39m [33mError[39m(
     [90m    |[39m         [31m[1m^[22m[39m
     [90m 20 |[39m     [32m'AZURE_COSMOS_ENDPOINT is required to 
run construction finance integration tests. '[39m [33m+[39m
     [90m 21 |[39m     [32m'Set it in your shell: 
$env:AZURE_COSMOS_ENDPOINT="https://..."'[39m
     [90m 22 |[39m   )[33m;[39m[0m

      at Object.<anonymous> 
(src/tests/draw-request.service.test.ts:19:9)

FAIL src/tests/draw-inspection.service.test.ts
  ΓùÅ Test suite failed to run

    AZURE_COSMOS_ENDPOINT is required to run construction finance 
integration tests. Set it in your shell: 
$env:AZURE_COSMOS_ENDPOINT="https://..."

    [0m [90m 21 |[39m [36mconst[39m [33mENDPOINT[39m 
[33m=[39m 
process[33m.[39menv[33m.[39m[33mAZURE_COSMOS_ENDPOINT[39m 
[33m?[39m[33m?[39m 
process[33m.[39menv[33m.[39m[33mCOSMOS_ENDPOINT[39m[33m;[39m
     [90m 22 |[39m [36mif[39m ([33m![39m[33mENDPOINT[39m) {
    [31m[1m>[22m[39m[90m 23 |[39m   [36mthrow[39m 
[36mnew[39m [33mError[39m(
     [90m    |[39m         [31m[1m^[22m[39m
     [90m 24 |[39m     [32m'AZURE_COSMOS_ENDPOINT is required to 
run construction finance integration tests. '[39m [33m+[39m
     [90m 25 |[39m     [32m'Set it in your shell: 
$env:AZURE_COSMOS_ENDPOINT="https://..."'[39m
     [90m 26 |[39m   )[33m;[39m[0m

      at Object.<anonymous> 
(src/tests/draw-inspection.service.test.ts:23:9)

FAIL src/tests/draw-anomaly-detector.service.test.ts
  ΓùÅ Test suite failed to run

    AZURE_COSMOS_ENDPOINT is required to run draw-anomaly 
integration tests. Set it: $env:AZURE_COSMOS_ENDPOINT="https://..."

    [0m [90m 23 |[39m [36mconst[39m [33mENDPOINT[39m 
[33m=[39m 
process[33m.[39menv[[32m'AZURE_COSMOS_ENDPOINT'[39m] 
[33m?[39m[33m?[39m 
process[33m.[39menv[[32m'COSMOS_ENDPOINT'[39m][33m;[39m
     [90m 24 |[39m [36mif[39m ([33m![39m[33mENDPOINT[39m) {
    [31m[1m>[22m[39m[90m 25 |[39m   [36mthrow[39m 
[36mnew[39m [33mError[39m(
     [90m    |[39m         [31m[1m^[22m[39m
     [90m 26 |[39m     [32m'AZURE_COSMOS_ENDPOINT is required to 
run draw-anomaly integration tests. '[39m [33m+[39m
     [90m 27 |[39m     [32m'Set it: 
$env:AZURE_COSMOS_ENDPOINT="https://..."'[39m
     [90m 28 |[39m   )[33m;[39m[0m

      at Object.<anonymous> 
(src/tests/draw-anomaly-detector.service.test.ts:25:9)

FAIL src/tests/contractor.service.test.ts
  ΓùÅ Test suite failed to run

    AZURE_COSMOS_ENDPOINT is required to run construction finance 
integration tests. Set it in your shell: 
$env:AZURE_COSMOS_ENDPOINT="https://..."

    [0m [90m 15 |[39m [36mconst[39m [33mENDPOINT[39m 
[33m=[39m 
process[33m.[39menv[33m.[39m[33mAZURE_COSMOS_ENDPOINT[39m 
[33m?[39m[33m?[39m 
process[33m.[39menv[33m.[39m[33mCOSMOS_ENDPOINT[39m[33m;[39m
     [90m 16 |[39m [36mif[39m ([33m![39m[33mENDPOINT[39m) {
    [31m[1m>[22m[39m[90m 17 |[39m   [36mthrow[39m 
[36mnew[39m [33mError[39m(
     [90m    |[39m         [31m[1m^[22m[39m
     [90m 18 |[39m     [32m'AZURE_COSMOS_ENDPOINT is required to 
run construction finance integration tests. '[39m [33m+[39m
     [90m 19 |[39m     [32m'Set it in your shell: 
$env:AZURE_COSMOS_ENDPOINT="https://..."'[39m
     [90m 20 |[39m   )[33m;[39m[0m

      at Object.<anonymous> 
(src/tests/contractor.service.test.ts:17:9)

FAIL src/tests/construction-servicing-ai.service.test.ts
  ΓùÅ Test suite failed to run

    AZURE_COSMOS_ENDPOINT is required to run 
construction-servicing-ai integration tests. Set it: 
$env:AZURE_COSMOS_ENDPOINT="https://..."

    [0m [90m 31 |[39m [36mconst[39m [33mENDPOINT[39m 
[33m=[39m 
process[33m.[39menv[[32m'AZURE_COSMOS_ENDPOINT'[39m] 
[33m?[39m[33m?[39m 
process[33m.[39menv[[32m'COSMOS_ENDPOINT'[39m][33m;[39m
     [90m 32 |[39m [36mif[39m ([33m![39m[33mENDPOINT[39m) {
    [31m[1m>[22m[39m[90m 33 |[39m   [36mthrow[39m 
[36mnew[39m [33mError[39m(
     [90m    |[39m         [31m[1m^[22m[39m
     [90m 34 |[39m     [32m'AZURE_COSMOS_ENDPOINT is required to 
run construction-servicing-ai integration tests. '[39m [33m+[39m
     [90m 35 |[39m     [32m'Set it: 
$env:AZURE_COSMOS_ENDPOINT="https://..."'[39m
     [90m 36 |[39m   )[33m;[39m[0m

      at Object.<anonymous> 
(src/tests/construction-servicing-ai.service.test.ts:33:9)

FAIL src/tests/construction-risk.service.test.ts
  ΓùÅ Test suite failed to run

    AZURE_COSMOS_ENDPOINT is required to run construction risk 
integration tests. Set it in your shell: 
$env:AZURE_COSMOS_ENDPOINT="https://..."

    [0m [90m 31 |[39m [36mconst[39m [33mENDPOINT[39m 
[33m=[39m 
process[33m.[39menv[33m.[39m[33mAZURE_COSMOS_ENDPOINT[39m 
[33m?[39m[33m?[39m 
process[33m.[39menv[33m.[39m[33mCOSMOS_ENDPOINT[39m[33m;[39m
     [90m 32 |[39m [36mif[39m ([33m![39m[33mENDPOINT[39m) {
    [31m[1m>[22m[39m[90m 33 |[39m   [36mthrow[39m 
[36mnew[39m [33mError[39m(
     [90m    |[39m         [31m[1m^[22m[39m
     [90m 34 |[39m     [32m'AZURE_COSMOS_ENDPOINT is required to 
run construction risk integration tests. '[39m [33m+[39m
     [90m 35 |[39m     [32m'Set it in your shell: 
$env:AZURE_COSMOS_ENDPOINT="https://..."'[39m
     [90m 36 |[39m   )[33m;[39m[0m

      at Object.<anonymous> 
(src/tests/construction-risk.service.test.ts:33:9)

FAIL src/tests/construction-report-generator.service.test.ts
  ΓùÅ Test suite failed to run

    AZURE_COSMOS_ENDPOINT is required to run 
construction-report-generator integration tests. Set it: 
$env:AZURE_COSMOS_ENDPOINT="https://..."

    [0m [90m 30 |[39m [36mconst[39m [33mENDPOINT[39m 
[33m=[39m 
process[33m.[39menv[[32m'AZURE_COSMOS_ENDPOINT'[39m] 
[33m?[39m[33m?[39m 
process[33m.[39menv[[32m'COSMOS_ENDPOINT'[39m][33m;[39m
     [90m 31 |[39m [36mif[39m ([33m![39m[33mENDPOINT[39m) {
    [31m[1m>[22m[39m[90m 32 |[39m   [36mthrow[39m 
[36mnew[39m [33mError[39m(
     [90m    |[39m         [31m[1m^[22m[39m
     [90m 33 |[39m     [32m'AZURE_COSMOS_ENDPOINT is required to 
run construction-report-generator integration tests. '[39m 
[33m+[39m
     [90m 34 |[39m     [32m'Set it: 
$env:AZURE_COSMOS_ENDPOINT="https://..."'[39m
     [90m 35 |[39m   )[33m;[39m[0m

      at Object.<anonymous> 
(src/tests/construction-report-generator.service.test.ts:32:9)

FAIL src/tests/construction-loan.service.test.ts
  ΓùÅ Test suite failed to run

    AZURE_COSMOS_ENDPOINT is required to run construction finance 
integration tests. Set it in your shell before running jest: 
$env:AZURE_COSMOS_ENDPOINT="https://..."

    [0m [90m 16 |[39m [36mconst[39m [33mENDPOINT[39m 
[33m=[39m 
process[33m.[39menv[33m.[39m[33mAZURE_COSMOS_ENDPOINT[39m 
[33m?[39m[33m?[39m 
process[33m.[39menv[33m.[39m[33mCOSMOS_ENDPOINT[39m[33m;[39m
     [90m 17 |[39m [36mif[39m ([33m![39m[33mENDPOINT[39m) {
    [31m[1m>[22m[39m[90m 18 |[39m   [36mthrow[39m 
[36mnew[39m [33mError[39m(
     [90m    |[39m         [31m[1m^[22m[39m
     [90m 19 |[39m     [32m'AZURE_COSMOS_ENDPOINT is required to 
run construction finance integration tests. '[39m [33m+[39m
     [90m 20 |[39m     [32m'Set it in your shell before running 
jest: $env:AZURE_COSMOS_ENDPOINT="https://..."'[39m
     [90m 21 |[39m   )[33m;[39m[0m

      at Object.<anonymous> 
(src/tests/construction-loan.service.test.ts:18:9)

FAIL src/tests/construction-feasibility.service.test.ts
  ΓùÅ Test suite failed to run

    AZURE_COSMOS_ENDPOINT is required to run feasibility 
integration tests. Set it in your shell: 
$env:AZURE_COSMOS_ENDPOINT="https://..."

    [0m [90m 27 |[39m [36mconst[39m [33mENDPOINT[39m 
[33m=[39m 
process[33m.[39menv[[32m'AZURE_COSMOS_ENDPOINT'[39m] 
[33m?[39m[33m?[39m 
process[33m.[39menv[[32m'COSMOS_ENDPOINT'[39m][33m;[39m
     [90m 28 |[39m [36mif[39m ([33m![39m[33mENDPOINT[39m) {
    [31m[1m>[22m[39m[90m 29 |[39m   [36mthrow[39m 
[36mnew[39m [33mError[39m(
     [90m    |[39m         [31m[1m^[22m[39m
     [90m 30 |[39m     [32m'AZURE_COSMOS_ENDPOINT is required to 
run feasibility integration tests. '[39m [33m+[39m
     [90m 31 |[39m     [32m'Set it in your shell: 
$env:AZURE_COSMOS_ENDPOINT="https://..."'[39m
     [90m 32 |[39m   )[33m;[39m[0m

      at Object.<anonymous> 
(src/tests/construction-feasibility.service.test.ts:29:9)

FAIL src/tests/construction-cpp.service.test.ts
  ΓùÅ Test suite failed to run

    AZURE_COSMOS_ENDPOINT is required to run construction-cpp 
integration tests. Set it: $env:AZURE_COSMOS_ENDPOINT="https://..."

    [0m [90m 26 |[39m [36mconst[39m [33mENDPOINT[39m 
[33m=[39m 
process[33m.[39menv[[32m'AZURE_COSMOS_ENDPOINT'[39m] 
[33m?[39m[33m?[39m 
process[33m.[39menv[[32m'COSMOS_ENDPOINT'[39m][33m;[39m
     [90m 27 |[39m [36mif[39m ([33m![39m[33mENDPOINT[39m) {
    [31m[1m>[22m[39m[90m 28 |[39m   [36mthrow[39m 
[36mnew[39m [33mError[39m(
     [90m    |[39m         [31m[1m^[22m[39m
     [90m 29 |[39m     [32m'AZURE_COSMOS_ENDPOINT is required to 
run construction-cpp integration tests. '[39m [33m+[39m
     [90m 30 |[39m     [32m'Set it: 
$env:AZURE_COSMOS_ENDPOINT="https://..."'[39m
     [90m 31 |[39m   )[33m;[39m[0m

      at Object.<anonymous> 
(src/tests/construction-cpp.service.test.ts:28:9)

FAIL src/tests/construction-config.service.test.ts
  ΓùÅ Test suite failed to run

    AZURE_COSMOS_ENDPOINT is required to run construction finance 
integration tests. Set it in your shell before running jest: 
$env:AZURE_COSMOS_ENDPOINT="https://..."

    [0m [90m 20 |[39m [36mconst[39m [33mENDPOINT[39m 
[33m=[39m 
process[33m.[39menv[33m.[39m[33mAZURE_COSMOS_ENDPOINT[39m 
[33m?[39m[33m?[39m 
process[33m.[39menv[33m.[39m[33mCOSMOS_ENDPOINT[39m[33m;[39m
     [90m 21 |[39m [36mif[39m ([33m![39m[33mENDPOINT[39m) {
    [31m[1m>[22m[39m[90m 22 |[39m   [36mthrow[39m 
[36mnew[39m [33mError[39m(
     [90m    |[39m         [31m[1m^[22m[39m
     [90m 23 |[39m     [32m'AZURE_COSMOS_ENDPOINT is required to 
run construction finance integration tests. '[39m [33m+[39m
     [90m 24 |[39m     [32m'Set it in your shell before running 
jest: $env:AZURE_COSMOS_ENDPOINT="https://..."'[39m
     [90m 25 |[39m   )[33m;[39m[0m

      at Object.<anonymous> 
(src/tests/construction-config.service.test.ts:22:9)

FAIL src/tests/comprehensive-integration.test.ts
  ΓùÅ Test suite failed to run

    Your test suite must contain at least one test.

      at onResult (node_modules/.pnpm/@jest+core@29.7.0_ts-node@1_61
7f100ba4356ebe7e20a451d74050d9/node_modules/@jest/core/build/TestSch
eduler.js:133:18)
      at node_modules/.pnpm/@jest+core@29.7.0_ts-node@1_617f100ba435
6ebe7e20a451d74050d9/node_modules/@jest/core/build/TestScheduler.js:
254:19
      at node_modules/.pnpm/emittery@0.13.1/node_modules/emittery/in
dex.js:363:13
          at Array.map (<anonymous>)
      at Emittery.emit (node_modules/.pnpm/emittery@0.13.1/node_modu
les/emittery/index.js:361:23)

FAIL src/tests/completion-forecaster.service.test.ts
  ΓùÅ Test suite failed to run

    AZURE_COSMOS_ENDPOINT is required to run completion-forecaster 
integration tests. Set it: $env:AZURE_COSMOS_ENDPOINT="https://..."

    [0m [90m 23 |[39m [36mconst[39m [33mENDPOINT[39m 
[33m=[39m 
process[33m.[39menv[[32m'AZURE_COSMOS_ENDPOINT'[39m] 
[33m?[39m[33m?[39m 
process[33m.[39menv[[32m'COSMOS_ENDPOINT'[39m][33m;[39m
     [90m 24 |[39m [36mif[39m ([33m![39m[33mENDPOINT[39m) {
    [31m[1m>[22m[39m[90m 25 |[39m   [36mthrow[39m 
[36mnew[39m [33mError[39m(
     [90m    |[39m         [31m[1m^[22m[39m
     [90m 26 |[39m     [32m'AZURE_COSMOS_ENDPOINT is required to 
run completion-forecaster integration tests. '[39m [33m+[39m
     [90m 27 |[39m     [32m'Set it: 
$env:AZURE_COSMOS_ENDPOINT="https://..."'[39m
     [90m 28 |[39m   )[33m;[39m[0m

      at Object.<anonymous> 
(src/tests/completion-forecaster.service.test.ts:25:9)

FAIL src/tests/collaboration.service.test.ts
  ΓùÅ Test suite failed to run

    Configuration error:

    Could not locate module ../../services/collaboration.service.js 
mapped as:
    $1.

    Please check your configuration for these entries:
    {
      "moduleNameMapper": {
        "/^(\.{1,2}\/.*)\.js$/": "$1"
      },
      "resolver": undefined
    }

    [0m [90m 47 |[39m [90m// ΓöÇΓöÇΓöÇ Import AFTER mocks ΓöÇΓöÇ
ΓöÇΓöÇΓöÇΓöÇΓöÇΓöÇΓöÇΓöÇΓöÇΓöÇΓöÇΓöÇΓöÇΓöÇΓöÇΓöÇΓöÇΓöÇΓöÇΓöÇΓöÇΓöÇΓö
ÇΓöÇΓöÇΓöÇΓöÇΓöÇΓöÇΓöÇΓöÇΓöÇΓöÇΓöÇΓöÇΓöÇΓöÇΓöÇΓöÇΓöÇΓöÇΓöÇΓöÇΓöÇΓöÇΓ
öÇΓöÇΓöÇΓöÇΓöÇΓöÇΓöÇΓöÇΓöÇ[39m
     [90m 48 |[39m
    [31m[1m>[22m[39m[90m 49 |[39m [36mimport[39m { 
[33mCollaborationService[39m } [36mfrom[39m 
[32m'../../services/collaboration.service.js'[39m[33m;[39m
     [90m    |[39m [31m[1m^[22m[39m
     [90m 50 |[39m
     [90m 51 |[39m [90m// ΓöÇΓöÇΓöÇ Helpers ΓöÇΓöÇΓöÇΓöÇΓöÇΓöÇΓöÇ
ΓöÇΓöÇΓöÇΓöÇΓöÇΓöÇΓöÇΓöÇΓöÇΓöÇΓöÇΓöÇΓöÇΓöÇΓöÇΓöÇΓöÇΓöÇΓöÇΓöÇΓöÇΓöÇΓö
ÇΓöÇΓöÇΓöÇΓöÇΓöÇΓöÇΓöÇΓöÇΓöÇΓöÇΓöÇΓöÇΓöÇΓöÇΓöÇΓöÇΓöÇΓöÇΓöÇΓöÇΓöÇΓöÇΓ
öÇΓöÇΓöÇΓöÇΓöÇΓöÇΓöÇΓöÇΓöÇΓöÇΓöÇΓöÇΓöÇΓöÇ[39m
     [90m 52 |[39m[0m

      at createNoMappedModuleFoundError (node_modules/.pnpm/jest-res
olve@29.7.0/node_modules/jest-resolve/build/resolver.js:759:17)
      at Object.<anonymous> 
(src/tests/collaboration.service.test.ts:49:1)

FAIL src/tests/change-order.service.test.ts
  ΓùÅ Test suite failed to run

    AZURE_COSMOS_ENDPOINT is required to run construction finance 
integration tests. Set it in your shell: 
$env:AZURE_COSMOS_ENDPOINT="https://..."

    [0m [90m 24 |[39m [36mconst[39m [33mENDPOINT[39m 
[33m=[39m 
process[33m.[39menv[33m.[39m[33mAZURE_COSMOS_ENDPOINT[39m 
[33m?[39m[33m?[39m 
process[33m.[39menv[33m.[39m[33mCOSMOS_ENDPOINT[39m[33m;[39m
     [90m 25 |[39m [36mif[39m ([33m![39m[33mENDPOINT[39m) {
    [31m[1m>[22m[39m[90m 26 |[39m   [36mthrow[39m 
[36mnew[39m [33mError[39m(
     [90m    |[39m         [31m[1m^[22m[39m
     [90m 27 |[39m     [32m'AZURE_COSMOS_ENDPOINT is required to 
run construction finance integration tests. '[39m [33m+[39m
     [90m 28 |[39m     [32m'Set it in your shell: 
$env:AZURE_COSMOS_ENDPOINT="https://..."'[39m
     [90m 29 |[39m   )[33m;[39m[0m

      at Object.<anonymous> 
(src/tests/change-order.service.test.ts:26:9)

FAIL src/tests/census-intelligence.test.ts
  ΓùÅ Test suite failed to run

    Your test suite must contain at least one test.

      at onResult (node_modules/.pnpm/@jest+core@29.7.0_ts-node@1_61
7f100ba4356ebe7e20a451d74050d9/node_modules/@jest/core/build/TestSch
eduler.js:133:18)
      at node_modules/.pnpm/@jest+core@29.7.0_ts-node@1_617f100ba435
6ebe7e20a451d74050d9/node_modules/@jest/core/build/TestScheduler.js:
254:19
      at node_modules/.pnpm/emittery@0.13.1/node_modules/emittery/in
dex.js:363:13
          at Array.map (<anonymous>)
      at Emittery.emit (node_modules/.pnpm/emittery@0.13.1/node_modu
les/emittery/index.js:361:23)

FAIL src/tests/azure-entra-auth.test.ts
  ΓùÅ Test suite failed to run

    Your test suite must contain at least one test.

      at onResult (node_modules/.pnpm/@jest+core@29.7.0_ts-node@1_61
7f100ba4356ebe7e20a451d74050d9/node_modules/@jest/core/build/TestSch
eduler.js:133:18)
      at node_modules/.pnpm/@jest+core@29.7.0_ts-node@1_617f100ba435
6ebe7e20a451d74050d9/node_modules/@jest/core/build/TestScheduler.js:
254:19
      at node_modules/.pnpm/emittery@0.13.1/node_modules/emittery/in
dex.js:363:13
          at Array.map (<anonymous>)
      at Emittery.emit (node_modules/.pnpm/emittery@0.13.1/node_modu
les/emittery/index.js:361:23)

FAIL src/tests/api-integration.test.ts
  ΓùÅ Test suite failed to run

    Cosmos DB endpoint is required. Set COSMOS_ENDPOINT (or 
AZURE_COSMOS_ENDPOINT) to your production CosmosDB endpoint.

    [0m [90m 120 |[39m     
     [90m 121 |[39m     [36mif[39m 
([33m![39m[36mthis[39m[33m.[39mendpoint) {
    [31m[1m>[22m[39m[90m 122 |[39m       [36mthrow[39m 
[36mnew[39m [33mError[39m(
     [90m     |[39m             [31m[1m^[22m[39m
     [90m 123 |[39m         [32m'Cosmos DB endpoint is required. 
'[39m [33m+[39m
     [90m 124 |[39m         [32m'Set COSMOS_ENDPOINT (or 
AZURE_COSMOS_ENDPOINT) to your production CosmosDB endpoint.'[39m
     [90m 125 |[39m       )[33m;[39m[0m

      at new CosmosDbService 
(src/services/cosmos-db.service.ts:122:13)
      at new QCChecklistManagementService 
(src/services/qc-checklist-management.service.ts:50:35)
      at new QCChecklistController 
(src/controllers/criteria.controller.ts:37:22)
      at Object.<anonymous> 
(src/controllers/criteria.controller.ts:912:34)
      at Object.<anonymous> (src/api/api-server.ts:34:1)
      at Object.<anonymous> (src/tests/api-integration.test.ts:7:1)


Test Suites: 21 failed, 7 passed, 28 total
Tests:       25 failed, 173 passed, 198 total
Snapshots:   0 total
Time:        18.82 s
Ran all test suites.
ΓÇëELIFECYCLEΓÇë Test failed. See above for more details.
